Archive member included because of file (symbol)

/opt/Altera/9.1/nios2eds/bin/nios2-gnutools/H-i686-pc-linux-gnu/bin/../lib/gcc/nios2-elf/3.4.6/../../../../nios2-elf/lib/libm.a(s_atan.o)
                              obj/hello_world.o (atan)
/opt/Altera/9.1/nios2eds/bin/nios2-gnutools/H-i686-pc-linux-gnu/bin/../lib/gcc/nios2-elf/3.4.6/../../../../nios2-elf/lib/libm.a(s_cos.o)
                              obj/hello_world.o (cos)
/opt/Altera/9.1/nios2eds/bin/nios2-gnutools/H-i686-pc-linux-gnu/bin/../lib/gcc/nios2-elf/3.4.6/../../../../nios2-elf/lib/libm.a(s_fabs.o)
                              /opt/Altera/9.1/nios2eds/bin/nios2-gnutools/H-i686-pc-linux-gnu/bin/../lib/gcc/nios2-elf/3.4.6/../../../../nios2-elf/lib/libm.a(s_atan.o) (fabs)
/opt/Altera/9.1/nios2eds/bin/nios2-gnutools/H-i686-pc-linux-gnu/bin/../lib/gcc/nios2-elf/3.4.6/../../../../nios2-elf/lib/libm.a(s_sin.o)
                              obj/hello_world.o (sin)
/opt/Altera/9.1/nios2eds/bin/nios2-gnutools/H-i686-pc-linux-gnu/bin/../lib/gcc/nios2-elf/3.4.6/../../../../nios2-elf/lib/libm.a(s_tan.o)
                              obj/hello_world.o (tan)
/opt/Altera/9.1/nios2eds/bin/nios2-gnutools/H-i686-pc-linux-gnu/bin/../lib/gcc/nios2-elf/3.4.6/../../../../nios2-elf/lib/libm.a(w_asin.o)
                              obj/kalmanfilter.o (asin)
/opt/Altera/9.1/nios2eds/bin/nios2-gnutools/H-i686-pc-linux-gnu/bin/../lib/gcc/nios2-elf/3.4.6/../../../../nios2-elf/lib/libm.a(w_atan2.o)
                              obj/hello_world.o (atan2)
/opt/Altera/9.1/nios2eds/bin/nios2-gnutools/H-i686-pc-linux-gnu/bin/../lib/gcc/nios2-elf/3.4.6/../../../../nios2-elf/lib/libm.a(w_sqrt.o)
                              obj/hello_world.o (sqrt)
/opt/Altera/9.1/nios2eds/bin/nios2-gnutools/H-i686-pc-linux-gnu/bin/../lib/gcc/nios2-elf/3.4.6/../../../../nios2-elf/lib/libm.a(e_asin.o)
                              /opt/Altera/9.1/nios2eds/bin/nios2-gnutools/H-i686-pc-linux-gnu/bin/../lib/gcc/nios2-elf/3.4.6/../../../../nios2-elf/lib/libm.a(w_asin.o) (__ieee754_asin)
/opt/Altera/9.1/nios2eds/bin/nios2-gnutools/H-i686-pc-linux-gnu/bin/../lib/gcc/nios2-elf/3.4.6/../../../../nios2-elf/lib/libm.a(e_atan2.o)
                              /opt/Altera/9.1/nios2eds/bin/nios2-gnutools/H-i686-pc-linux-gnu/bin/../lib/gcc/nios2-elf/3.4.6/../../../../nios2-elf/lib/libm.a(w_atan2.o) (__ieee754_atan2)
/opt/Altera/9.1/nios2eds/bin/nios2-gnutools/H-i686-pc-linux-gnu/bin/../lib/gcc/nios2-elf/3.4.6/../../../../nios2-elf/lib/libm.a(e_rem_pio2.o)
                              /opt/Altera/9.1/nios2eds/bin/nios2-gnutools/H-i686-pc-linux-gnu/bin/../lib/gcc/nios2-elf/3.4.6/../../../../nios2-elf/lib/libm.a(s_cos.o) (__ieee754_rem_pio2)
/opt/Altera/9.1/nios2eds/bin/nios2-gnutools/H-i686-pc-linux-gnu/bin/../lib/gcc/nios2-elf/3.4.6/../../../../nios2-elf/lib/libm.a(e_sqrt.o)
                              /opt/Altera/9.1/nios2eds/bin/nios2-gnutools/H-i686-pc-linux-gnu/bin/../lib/gcc/nios2-elf/3.4.6/../../../../nios2-elf/lib/libm.a(w_sqrt.o) (__ieee754_sqrt)
/opt/Altera/9.1/nios2eds/bin/nios2-gnutools/H-i686-pc-linux-gnu/bin/../lib/gcc/nios2-elf/3.4.6/../../../../nios2-elf/lib/libm.a(k_cos.o)
                              /opt/Altera/9.1/nios2eds/bin/nios2-gnutools/H-i686-pc-linux-gnu/bin/../lib/gcc/nios2-elf/3.4.6/../../../../nios2-elf/lib/libm.a(s_cos.o) (__kernel_cos)
/opt/Altera/9.1/nios2eds/bin/nios2-gnutools/H-i686-pc-linux-gnu/bin/../lib/gcc/nios2-elf/3.4.6/../../../../nios2-elf/lib/libm.a(k_rem_pio2.o)
                              /opt/Altera/9.1/nios2eds/bin/nios2-gnutools/H-i686-pc-linux-gnu/bin/../lib/gcc/nios2-elf/3.4.6/../../../../nios2-elf/lib/libm.a(e_rem_pio2.o) (__kernel_rem_pio2)
/opt/Altera/9.1/nios2eds/bin/nios2-gnutools/H-i686-pc-linux-gnu/bin/../lib/gcc/nios2-elf/3.4.6/../../../../nios2-elf/lib/libm.a(k_sin.o)
                              /opt/Altera/9.1/nios2eds/bin/nios2-gnutools/H-i686-pc-linux-gnu/bin/../lib/gcc/nios2-elf/3.4.6/../../../../nios2-elf/lib/libm.a(s_cos.o) (__kernel_sin)
/opt/Altera/9.1/nios2eds/bin/nios2-gnutools/H-i686-pc-linux-gnu/bin/../lib/gcc/nios2-elf/3.4.6/../../../../nios2-elf/lib/libm.a(k_tan.o)
                              /opt/Altera/9.1/nios2eds/bin/nios2-gnutools/H-i686-pc-linux-gnu/bin/../lib/gcc/nios2-elf/3.4.6/../../../../nios2-elf/lib/libm.a(s_tan.o) (__kernel_tan)
/opt/Altera/9.1/nios2eds/bin/nios2-gnutools/H-i686-pc-linux-gnu/bin/../lib/gcc/nios2-elf/3.4.6/../../../../nios2-elf/lib/libm.a(s_floor.o)
                              /opt/Altera/9.1/nios2eds/bin/nios2-gnutools/H-i686-pc-linux-gnu/bin/../lib/gcc/nios2-elf/3.4.6/../../../../nios2-elf/lib/libm.a(k_rem_pio2.o) (floor)
/opt/Altera/9.1/nios2eds/bin/nios2-gnutools/H-i686-pc-linux-gnu/bin/../lib/gcc/nios2-elf/3.4.6/../../../../nios2-elf/lib/libm.a(s_isnan.o)
                              /opt/Altera/9.1/nios2eds/bin/nios2-gnutools/H-i686-pc-linux-gnu/bin/../lib/gcc/nios2-elf/3.4.6/../../../../nios2-elf/lib/libm.a(w_asin.o) (isnan)
[...]
Memory Configuration

Name             Origin             Length             Attributes
altmemddr_0      0x04000000         0x04000000
reset            0x08004000         0x00000020
onchip_memory2_0 0x08004020         0x00003fe0
*default*        0x00000000         0xffffffff

Linker script and memory map

LOAD /home/ucart/Desktop/microcart-f2013/BasicPrograms/LABET_SYSTEM/sw/LABET_SW_PROJECT_bsp//obj/HAL/src/crt0.o
LOAD obj/ars.o
LOAD obj/attitude.o
LOAD obj/controls.o
LOAD obj/hello_world.o
LOAD obj/imu.o
LOAD obj/kalmanfilter.o
LOAD obj/matrixmath.o
LOAD obj/ping.o
LOAD /opt/Altera/9.1/nios2eds/bin/nios2-gnutools/H-i686-pc-linux-gnu/bin/../lib/gcc/nios2-elf/3.4.6/../../../../nios2-elf/lib/libstdc++.a
LOAD /opt/Altera/9.1/nios2eds/bin/nios2-gnutools/H-i686-pc-linux-gnu/bin/../lib/gcc/nios2-elf/3.4.6/../../../../nios2-elf/lib/libm.a
LOAD /opt/Altera/9.1/nios2eds/bin/nios2-gnutools/H-i686-pc-linux-gnu/bin/../lib/gcc/nios2-elf/3.4.6/libgcc.a
START GROUP
LOAD /opt/Altera/9.1/nios2eds/bin/nios2-gnutools/H-i686-pc-linux-gnu/bin/../lib/gcc/nios2-elf/3.4.6/../../../../nios2-elf/lib/libc.a
LOAD /opt/Altera/9.1/nios2eds/bin/nios2-gnutools/H-i686-pc-linux-gnu/bin/../lib/gcc/nios2-elf/3.4.6/libgcc.a
LOAD /home/ucart/Desktop/microcart-f2013/BasicPrograms/LABET_SYSTEM/sw/LABET_SW_PROJECT_bsp//libhal_bsp.a
END GROUP
LOAD /opt/Altera/9.1/nios2eds/bin/nios2-gnutools/H-i686-pc-linux-gnu/bin/../lib/gcc/nios2-elf/3.4.6/libgcc.a
                0x04000000                __alt_mem_altmemddr_0 = 0x4000000
                0x08004000                __alt_mem_onchip_memory2_0 = 0x8004000

.entry          0x08004000       0x20
 *(.entry)
 .entry         0x08004000       0x20 /home/ucart/Desktop/microcart-f2013/BasicPrograms/LABET_SYSTEM/sw/LABET_SW_PROJECT_bsp//obj/HAL/src/crt0.o
                0x08004000                __reset

.exceptions     0x08004020      0x1a4 load address 0x04000000
                0x08004020                PROVIDE (__ram_exceptions_start, <code 336> (.))
                0x08004020                . = ALIGN (0x20)
 *(.irq)
 *(.exceptions.entry.label)
 *(.exceptions.entry.user)
 *(.exceptions.entry)
 .exceptions.entry
                0x08004020       0x54 /home/ucart/Desktop/microcart-f2013/BasicPrograms/LABET_SYSTEM/sw/LABET_SW_PROJECT_bsp//libhal_bsp.a(alt_exception_entry.o)
 *(.exceptions.irqtest.user)
 *(.exceptions.irqtest)
 .exceptions.irqtest
                0x08004074       0x10 /home/ucart/Desktop/microcart-f2013/BasicPrograms/LABET_SYSTEM/sw/LABET_SW_PROJECT_bsp//libhal_bsp.a(alt_irq_entry.o)
 *(.exceptions.irqhandler.user)
 *(.exceptions.irqhandler)
 .exceptions.irqhandler
                0x08004084        0x4 /home/ucart/Desktop/microcart-f2013/BasicPrograms/LABET_SYSTEM/sw/LABET_SW_PROJECT_bsp//libhal_bsp.a(alt_irq_entry.o)
 *(.exceptions.irqreturn.user)
 *(.exceptions.irqreturn)
 .exceptions.irqreturn
                0x08004088        0x4 /home/ucart/Desktop/microcart-f2013/BasicPrograms/LABET_SYSTEM/sw/LABET_SW_PROJECT_bsp//libhal_bsp.a(alt_irq_entry.o)
 *(.exceptions.notirq.label)
 *(.exceptions.notirq.user)
 *(.exceptions.notirq)
 .exceptions.notirq
                0x0800408c        0x8 /home/ucart/Desktop/microcart-f2013/BasicPrograms/LABET_SYSTEM/sw/LABET_SW_PROJECT_bsp//libhal_bsp.a(alt_exception_entry.o)
 *(.exceptions.soft.user)
 *(.exceptions.soft)
 *(.exceptions.unknown.user)
 *(.exceptions.unknown)
 .exceptions.unknown
                0x08004094        0x4 /home/ucart/Desktop/microcart-f2013/BasicPrograms/LABET_SYSTEM/sw/LABET_SW_PROJECT_bsp//libhal_bsp.a(alt_exception_entry.o)
 *(.exceptions.exit.label)
 *(.exceptions.exit.user)
 *(.exceptions.exit)
 .exceptions.exit
                0x08004098       0x54 /home/ucart/Desktop/microcart-f2013/BasicPrograms/LABET_SYSTEM/sw/LABET_SW_PROJECT_bsp//libhal_bsp.a(alt_exception_entry.o)
 *(.exceptions)
 .exceptions    0x080040ec       0xd8 /home/ucart/Desktop/microcart-f2013/BasicPrograms/LABET_SYSTEM/sw/LABET_SW_PROJECT_bsp//libhal_bsp.a(alt_irq_handler.o)
                0x080040ec                alt_irq_handler
                0x080041c4                PROVIDE (__ram_exceptions_end, <code 336> (.))
                0x04000000                PROVIDE (__flash_exceptions_start, LOADADDR (.exceptions))

.text           0x040001a4    0x180cc load address 0x040001a4
                0x040001a4                PROVIDE (stext, <code 336> (.))
 *(.interp)
 *(.hash)
 *(.dynsym)
 *(.dynstr)
 *(.gnu.version)
 *(.gnu.version_d)
 *(.gnu.version_r)
 *(.rel.init)
 *(.rela.init)
 *(.rel.text .rel.text.* .rel.gnu.linkonce.t.*)
 *(.rela.text .rela.text.* .rela.gnu.linkonce.t.*)
 *(.rel.fini)
 *(.rela.fini)
 *(.rel.rodata .rel.rodata.* .rel.gnu.linkonce.r.*)
 *(.rela.rodata .rela.rodata.* .rela.gnu.linkonce.r.*)
 *(.rel.data .rel.data.* .rel.gnu.linkonce.d.*)
 *(.rela.data .rela.data.* .rela.gnu.linkonce.d.*)
 *(.rel.tdata .rel.tdata.* .rel.gnu.linkonce.td.*)
 *(.rela.tdata .rela.tdata.* .rela.gnu.linkonce.td.*)
 *(.rel.tbss .rel.tbss.* .rel.gnu.linkonce.tb.*)
 *(.rela.tbss .rela.tbss.* .rela.gnu.linkonce.tb.*)
 *(.rel.ctors)
 *(.rela.ctors)
 *(.rel.dtors)
 *(.rela.dtors)
 *(.rel.got)
 *(.rela.got)
 *(.rel.sdata .rel.sdata.* .rel.gnu.linkonce.s.*)
 *(.rela.sdata .rela.sdata.* .rela.gnu.linkonce.s.*)
 *(.rel.sbss .rel.sbss.* .rel.gnu.linkonce.sb.*)
 *(.rela.sbss .rela.sbss.* .rela.gnu.linkonce.sb.*)
 *(.rel.sdata2 .rel.sdata2.* .rel.gnu.linkonce.s2.*)
 *(.rela.sdata2 .rela.sdata2.* .rela.gnu.linkonce.s2.*)
 *(.rel.sbss2 .rel.sbss2.* .rel.gnu.linkonce.sb2.*)
 *(.rela.sbss2 .rela.sbss2.* .rela.gnu.linkonce.sb2.*)
 *(.rel.bss .rel.bss.* .rel.gnu.linkonce.b.*)
 *(.rela.bss .rela.bss.* .rela.gnu.linkonce.b.*)
 *(.rel.plt)
 *(.rela.plt)
 *(.init)
 *(.plt)
 *(.text .stub .text.* .gnu.linkonce.t.*)
 .text          0x040001a4       0x3c /home/ucart/Desktop/microcart-f2013/BasicPrograms/LABET_SYSTEM/sw/LABET_SW_PROJECT_bsp//obj/HAL/src/crt0.o
                0x040001a4                _start
 .text          0x040001e0      0x36c obj/ars.o
                0x040003d0                ars_update
                0x0400026c                ars_predict
                0x040001e0                init_Gyro1DKalman
 .text          0x0400054c      0x15c obj/controls.o
                0x040005fc                setRudder
                0x04000594                setThrottle
                0x0400054c                initControls
                0x04000664                setGear
                0x040005c8                setAileron
                0x04000630                setElevator
 .text          0x040006a8     0x20e0 obj/hello_world.o
                0x040011c4                squared
                0x04000cf8                get_PID_correction
                0x040006a8                setZero
                0x040008ec                getCorrections
                0x040011f4                main
                0x04000884                initializeToZero
                0x04000fe0                CRC
                0x04001ab0                getEstimatedInclination
                0x04000700                convert
                0x040010b4                normalize3DVector
 .text          0x04002788      0x4e8 obj/imu.o
                0x04002788                IMU_reg_display
                0x04002834                readUsefulIMU
 .text          0x04002c70     0x1234 obj/kalmanfilter.o
                0x04003a4c                KALMANFILTER_calculateK
                0x04002ed4                KALMANFILTER_getData
                0x04002c70                KALMANFILTER_init
                0x0400378c                KALMANFILTER_calculatexp
                0x04003b30                KALMANFILTER_calculatex
                0x040039c4                KALMANFILTER_calculatePp
                0x040032ac                KALMANFILTER_eulerToQuaternion
                0x04002f20                KALMANFILTER_convert
                0x040037d8                KALMANFILTER_calculateA
                0x04003198                KALMANFILTER_eulerKalman
                0x040035e4                KALMANFILTER_eulerAccel
                0x04003bb8                KALMANFILTER_calculatePhiThetaPsi
                0x04002e74                KALMANFILTER_update
                0x04003ac4                KALMANFILTER_calculateP
 .text          0x04003ea4     0x25f0 obj/matrixmath.o
                0x04004160                MATRIXMATH_inverse4x4
                0x04004008                MATRIXMATH_add
                0x040063e0                MATRIXMATH_transpose
                0x040040b4                MATRIXMATH_subtract
                0x04003ea4                MATRIXMATH_multiply
 .text          0x04006494      0x124 obj/ping.o
                0x04006494                getPingDistance
 .text          0x040065b8      0x714 /opt/Altera/9.1/nios2eds/bin/nios2-gnutools/H-i686-pc-linux-gnu/bin/../lib/gcc/nios2-elf/3.4.6/../../../../nios2-elf/lib/libm.a(s_atan.o)
                0x040065b8                atan
 .text          0x04006ccc      0x170 /opt/Altera/9.1/nios2eds/bin/nios2-gnutools/H-i686-pc-linux-gnu/bin/../lib/gcc/nios2-elf/3.4.6/../../../../nios2-elf/lib/libm.a(s_cos.o)
                0x04006ccc                cos
 .text          0x04006e3c       0x18 /opt/Altera/9.1/nios2eds/bin/nios2-gnutools/H-i686-pc-linux-gnu/bin/../lib/gcc/nios2-elf/3.4.6/../../../../nios2-elf/lib/libm.a(s_fabs.o)
                0x04006e3c                fabs
 .text          0x04006e54      0x170 /opt/Altera/9.1/nios2eds/bin/nios2-gnutools/H-i686-pc-linux-gnu/bin/../lib/gcc/nios2-elf/3.4.6/../../../../nios2-elf/lib/libm.a(s_sin.o)
                0x04006e54                sin
 .text          0x04006fc4       0xd0 /opt/Altera/9.1/nios2eds/bin/nios2-gnutools/H-i686-pc-linux-gnu/bin/../lib/gcc/nios2-elf/3.4.6/../../../../nios2-elf/lib/libm.a(s_tan.o)
                0x04006fc4                tan
 .text          0x04007094      0x12c /opt/Altera/9.1/nios2eds/bin/nios2-gnutools/H-i686-pc-linux-gnu/bin/../lib/gcc/nios2-elf/3.4.6/../../../../nios2-elf/lib/libm.a(w_asin.o)
                0x04007094                asin
 .text          0x040071c0      0x154 /opt/Altera/9.1/nios2eds/bin/nios2-gnutools/H-i686-pc-linux-gnu/bin/../lib/gcc/nios2-elf/3.4.6/../../../../nios2-elf/lib/libm.a(w_atan2.o)
                0x040071c0                atan2
 .text          0x04007314      0x13c /opt/Altera/9.1/nios2eds/bin/nios2-gnutools/H-i686-pc-linux-gnu/bin/../lib/gcc/nios2-elf/3.4.6/../../../../nios2-elf/lib/libm.a(w_sqrt.o)
                0x04007314                sqrt
 .text          0x04007450      0x94c /opt/Altera/9.1/nios2eds/bin/nios2-gnutools/H-i686-pc-linux-gnu/bin/../lib/gcc/nios2-elf/3.4.6/../../../../nios2-elf/lib/libm.a(e_asin.o)
                0x04007450                __ieee754_asin
 .text          0x04007d9c      0x388 /opt/Altera/9.1/nios2eds/bin/nios2-gnutools/H-i686-pc-linux-gnu/bin/../lib/gcc/nios2-elf/3.4.6/../../../../nios2-elf/lib/libm.a(e_atan2.o)
                0x04007d9c                __ieee754_atan2
 .text          0x04008124      0x83c /opt/Altera/9.1/nios2eds/bin/nios2-gnutools/H-i686-pc-linux-gnu/bin/../lib/gcc/nios2-elf/3.4.6/../../../../nios2-elf/lib/libm.a(e_rem_pio2.o)
                0x04008124                __ieee754_rem_pio2
 .text          0x04008960      0x31c /opt/Altera/9.1/nios2eds/bin/nios2-gnutools/H-i686-pc-linux-gnu/bin/../lib/gcc/nios2-elf/3.4.6/../../../../nios2-elf/lib/libm.a(e_sqrt.o)
                0x04008960                __ieee754_sqrt
 .text          0x04008c7c      0x3e0 /opt/Altera/9.1/nios2eds/bin/nios2-gnutools/H-i686-pc-linux-gnu/bin/../lib/gcc/nios2-elf/3.4.6/../../../../nios2-elf/lib/libm.a(k_cos.o)
                0x04008c7c                __kernel_cos
 .text          0x0400905c      0xdf0 /opt/Altera/9.1/nios2eds/bin/nios2-gnutools/H-i686-pc-linux-gnu/bin/../lib/gcc/nios2-elf/3.4.6/../../../../nios2-elf/lib/libm.a(k_rem_pio2.o)
                0x0400905c                __kernel_rem_pio2
 .text          0x04009e4c      0x320 /opt/Altera/9.1/nios2eds/bin/nios2-gnutools/H-i686-pc-linux-gnu/bin/../lib/gcc/nios2-elf/3.4.6/../../../../nios2-elf/lib/libm.a(k_sin.o)
                0x04009e4c                __kernel_sin
 .text          0x0400a16c      0x814 /opt/Altera/9.1/nios2eds/bin/nios2-gnutools/H-i686-pc-linux-gnu/bin/../lib/gcc/nios2-elf/3.4.6/../../../../nios2-elf/lib/libm.a(k_tan.o)
                0x0400a16c                __kernel_tan
 .text          0x0400a980      0x210 /opt/Altera/9.1/nios2eds/bin/nios2-gnutools/H-i686-pc-linux-gnu/bin/../lib/gcc/nios2-elf/3.4.6/../../../../nios2-elf/lib/libm.a(s_floor.o)
                0x0400a980                floor
 .text          0x0400ab90       0x34 /opt/Altera/9.1/nios2eds/bin/nios2-gnutools/H-i686-pc-linux-gnu/bin/../lib/gcc/nios2-elf/3.4.6/../../../../nios2-elf/lib/libm.a(s_isnan.o)
                0x0400ab90                isnan
 .text          0x0400abc4        0x8 /opt/Altera/9.1/nios2eds/bin/nios2-gnutools/H-i686-pc-linux-gnu/bin/../lib/gcc/nios2-elf/3.4.6/../../../../nios2-elf/lib/libm.a(s_matherr.o)
                0x0400abc4                matherr
 .text          0x0400abcc      0x1e8 /opt/Altera/9.1/nios2eds/bin/nios2-gnutools/H-i686-pc-linux-gnu/bin/../lib/gcc/nios2-elf/3.4.6/../../../../nios2-elf/lib/libm.a(s_scalbn.o)
                0x0400abcc                scalbn
 .text          0x0400adb4       0x24 /opt/Altera/9.1/nios2eds/bin/nios2-gnutools/H-i686-pc-linux-gnu/bin/../lib/gcc/nios2-elf/3.4.6/../../../../nios2-elf/lib/libm.a(s_copysign.o)
                0x0400adb4                copysign
 .text          0x0400add8      0x294 /opt/Altera/9.1/nios2eds/bin/nios2-gnutools/H-i686-pc-linux-gnu/bin/../lib/gcc/nios2-elf/3.4.6/libgcc.a(_addsub_sf.o)
                0x0400b008                __subsf3
                0x0400afb0                __addsf3
 .text          0x0400b06c      0x1c4 /opt/Altera/9.1/nios2eds/bin/nios2-gnutools/H-i686-pc-linux-gnu/bin/../lib/gcc/nios2-elf/3.4.6/libgcc.a(_mul_sf.o)
                0x0400b06c                __mulsf3
 .text          0x0400b230      0x138 /opt/Altera/9.1/nios2eds/bin/nios2-gnutools/H-i686-pc-linux-gnu/bin/../lib/gcc/nios2-elf/3.4.6/libgcc.a(_div_sf.o)
                0x0400b230                __divsf3
 .text          0x0400b368       0x80 /opt/Altera/9.1/nios2eds/bin/nios2-gnutools/H-i686-pc-linux-gnu/bin/../lib/gcc/nios2-elf/3.4.6/libgcc.a(_eq_sf.o)
                0x0400b368                __eqsf2
 .text          0x0400b3e8       0x80 /opt/Altera/9.1/nios2eds/bin/nios2-gnutools/H-i686-pc-linux-gnu/bin/../lib/gcc/nios2-elf/3.4.6/libgcc.a(_ne_sf.o)
                0x0400b3e8                __nesf2
 .text          0x0400b468       0x98 /opt/Altera/9.1/nios2eds/bin/nios2-gnutools/H-i686-pc-linux-gnu/bin/../lib/gcc/nios2-elf/3.4.6/libgcc.a(_si_to_sf.o)
                0x0400b468                __floatsisf
 .text          0x0400b500       0x94 /opt/Altera/9.1/nios2eds/bin/nios2-gnutools/H-i686-pc-linux-gnu/bin/../lib/gcc/nios2-elf/3.4.6/libgcc.a(_sf_to_si.o)
                0x0400b500                __fixsfsi
 .text          0x0400b594       0x5c /opt/Altera/9.1/nios2eds/bin/nios2-gnutools/H-i686-pc-linux-gnu/bin/../lib/gcc/nios2-elf/3.4.6/libgcc.a(_sf_to_df.o)
                0x0400b594                __extendsfdf2
 .text          0x0400b5f0      0x400 /opt/Altera/9.1/nios2eds/bin/nios2-gnutools/H-i686-pc-linux-gnu/bin/../lib/gcc/nios2-elf/3.4.6/libgcc.a(_addsub_df.o)
                0x0400b90c                __adddf3
                0x0400b978                __subdf3
 .text          0x0400b9f0      0x400 /opt/Altera/9.1/nios2eds/bin/nios2-gnutools/H-i686-pc-linux-gnu/bin/../lib/gcc/nios2-elf/3.4.6/libgcc.a(_mul_df.o)
                0x0400b9f0                __muldf3
 .text          0x0400bdf0      0x250 /opt/Altera/9.1/nios2eds/bin/nios2-gnutools/H-i686-pc-linux-gnu/bin/../lib/gcc/nios2-elf/3.4.6/libgcc.a(_div_df.o)
                0x0400bdf0                __divdf3
 .text          0x0400c040       0x8c /opt/Altera/9.1/nios2eds/bin/nios2-gnutools/H-i686-pc-linux-gnu/bin/../lib/gcc/nios2-elf/3.4.6/libgcc.a(_eq_df.o)
                0x0400c040                __eqdf2
 .text          0x0400c0cc       0x8c /opt/Altera/9.1/nios2eds/bin/nios2-gnutools/H-i686-pc-linux-gnu/bin/../lib/gcc/nios2-elf/3.4.6/libgcc.a(_ne_df.o)
                0x0400c0cc                __nedf2
 .text          0x0400c158       0x8c /opt/Altera/9.1/nios2eds/bin/nios2-gnutools/H-i686-pc-linux-gnu/bin/../lib/gcc/nios2-elf/3.4.6/libgcc.a(_gt_df.o)
                0x0400c158                __gtdf2
 .text          0x0400c1e4       0x8c /opt/Altera/9.1/nios2eds/bin/nios2-gnutools/H-i686-pc-linux-gnu/bin/../lib/gcc/nios2-elf/3.4.6/libgcc.a(_ge_df.o)
                0x0400c1e4                __gedf2
 .text          0x0400c270       0x8c /opt/Altera/9.1/nios2eds/bin/nios2-gnutools/H-i686-pc-linux-gnu/bin/../lib/gcc/nios2-elf/3.4.6/libgcc.a(_lt_df.o)
                0x0400c270                __ltdf2
 .text          0x0400c2fc       0xd0 /opt/Altera/9.1/nios2eds/bin/nios2-gnutools/H-i686-pc-linux-gnu/bin/../lib/gcc/nios2-elf/3.4.6/libgcc.a(_si_to_df.o)
                0x0400c2fc                __floatsidf
 .text          0x0400c3cc       0xb0 /opt/Altera/9.1/nios2eds/bin/nios2-gnutools/H-i686-pc-linux-gnu/bin/../lib/gcc/nios2-elf/3.4.6/libgcc.a(_df_to_si.o)
                0x0400c3cc                __fixdfsi
 .text          0x0400c47c       0x40 /opt/Altera/9.1/nios2eds/bin/nios2-gnutools/H-i686-pc-linux-gnu/bin/../lib/gcc/nios2-elf/3.4.6/libgcc.a(_make_df.o)
                0x0400c47c                __make_dp
 .text          0x0400c4bc       0x70 /opt/Altera/9.1/nios2eds/bin/nios2-gnutools/H-i686-pc-linux-gnu/bin/../lib/gcc/nios2-elf/3.4.6/libgcc.a(_df_to_sf.o)
                0x0400c4bc                __truncdfsf2
 .text          0x0400c52c      0x11c /opt/Altera/9.1/nios2eds/bin/nios2-gnutools/H-i686-pc-linux-gnu/bin/../lib/gcc/nios2-elf/3.4.6/libgcc.a(lib2-divmod.o)
                0x0400c628                __udivsi3
                0x0400c638                __umodsi3
                0x0400c58c                __divsi3
                0x0400c5dc                __modsi3
 .text          0x0400c648       0x90 /opt/Altera/9.1/nios2eds/bin/nios2-gnutools/H-i686-pc-linux-gnu/bin/../lib/gcc/nios2-elf/3.4.6/libgcc.a(_muldi3.o)
                0x0400c648                __muldi3
 .text          0x0400c6d8       0x20 /opt/Altera/9.1/nios2eds/bin/nios2-gnutools/H-i686-pc-linux-gnu/bin/../lib/gcc/nios2-elf/3.4.6/libgcc.a(_negdi2.o)
                0x0400c6d8                __negdi2
 .text          0x0400c6f8       0x50 /opt/Altera/9.1/nios2eds/bin/nios2-gnutools/H-i686-pc-linux-gnu/bin/../lib/gcc/nios2-elf/3.4.6/libgcc.a(_lshrdi3.o)
                0x0400c6f8                __lshrdi3
 .text          0x0400c748      0x134 /opt/Altera/9.1/nios2eds/bin/nios2-gnutools/H-i686-pc-linux-gnu/bin/../lib/gcc/nios2-elf/3.4.6/libgcc.a(_pack_sf.o)
                0x0400c748                __pack_f
 .text          0x0400c87c       0xb4 /opt/Altera/9.1/nios2eds/bin/nios2-gnutools/H-i686-pc-linux-gnu/bin/../lib/gcc/nios2-elf/3.4.6/libgcc.a(_unpack_sf.o)
                0x0400c87c                __unpack_f
 .text          0x0400c930       0xf4 /opt/Altera/9.1/nios2eds/bin/nios2-gnutools/H-i686-pc-linux-gnu/bin/../lib/gcc/nios2-elf/3.4.6/libgcc.a(_fpcmp_parts_sf.o)
                0x0400c930                __fpcmp_parts_f
 .text          0x0400ca24       0x2c /opt/Altera/9.1/nios2eds/bin/nios2-gnutools/H-i686-pc-linux-gnu/bin/../lib/gcc/nios2-elf/3.4.6/libgcc.a(_make_sf.o)
                0x0400ca24                __make_fp
 .text          0x0400ca50      0x290 /opt/Altera/9.1/nios2eds/bin/nios2-gnutools/H-i686-pc-linux-gnu/bin/../lib/gcc/nios2-elf/3.4.6/libgcc.a(_pack_df.o)
                0x0400ca50                __pack_d
 .text          0x0400cce0      0x128 /opt/Altera/9.1/nios2eds/bin/nios2-gnutools/H-i686-pc-linux-gnu/bin/../lib/gcc/nios2-elf/3.4.6/libgcc.a(_unpack_df.o)
                0x0400cce0                __unpack_d
 .text          0x0400ce08      0x114 /opt/Altera/9.1/nios2eds/bin/nios2-gnutools/H-i686-pc-linux-gnu/bin/../lib/gcc/nios2-elf/3.4.6/libgcc.a(_fpcmp_parts_df.o)
                0x0400ce08                __fpcmp_parts_d
 .text          0x0400cf1c       0x50 /opt/Altera/9.1/nios2eds/bin/nios2-gnutools/H-i686-pc-linux-gnu/bin/../lib/gcc/nios2-elf/3.4.6/libgcc.a(_ashldi3.o)
                0x0400cf1c                __ashldi3
 .text          0x0400cf6c        0x8 /opt/Altera/9.1/nios2eds/bin/nios2-gnutools/H-i686-pc-linux-gnu/bin/../lib/gcc/nios2-elf/3.4.6/../../../../nios2-elf/lib/libc.a(errno.o)
                0x0400cf6c                __errno
 .text          0x0400cf74       0x4c /opt/Altera/9.1/nios2eds/bin/nios2-gnutools/H-i686-pc-linux-gnu/bin/../lib/gcc/nios2-elf/3.4.6/../../../../nios2-elf/lib/libc.a(fileno.o)
                0x0400cf74                fileno
 .text          0x0400cfc0      0x118 /opt/Altera/9.1/nios2eds/bin/nios2-gnutools/H-i686-pc-linux-gnu/bin/../lib/gcc/nios2-elf/3.4.6/../../../../nios2-elf/lib/libc.a(findfp.o)
                0x0400d03c                __sinit
                0x0400d02c                _cleanup
                0x0400d018                _cleanup_r
 .text          0x0400d0d8      0x10c /opt/Altera/9.1/nios2eds/bin/nios2-gnutools/H-i686-pc-linux-gnu/bin/../lib/gcc/nios2-elf/3.4.6/../../../../nios2-elf/lib/libc.a(fopen.o)
                0x0400d1c8                fopen
                0x0400d0d8                _fopen_r
 .text          0x0400d1e4      0x438 /opt/Altera/9.1/nios2eds/bin/nios2-gnutools/H-i686-pc-linux-gnu/bin/../lib/gcc/nios2-elf/3.4.6/../../../../nios2-elf/lib/libc.a(fseek.o)
                0x0400d5f8                fseek
                0x0400d1e4                _fseek_r
 .text          0x0400d61c       0x60 /opt/Altera/9.1/nios2eds/bin/nios2-gnutools/H-i686-pc-linux-gnu/bin/../lib/gcc/nios2-elf/3.4.6/../../../../nios2-elf/lib/libc.a(fstatr.o)
                0x0400d61c                _fstat_r
 .text          0x0400d67c       0xd4 /opt/Altera/9.1/nios2eds/bin/nios2-gnutools/H-i686-pc-linux-gnu/bin/../lib/gcc/nios2-elf/3.4.6/../../../../nios2-elf/lib/libc.a(fwalk.o)
                0x0400d67c                _fwalk
 .text          0x0400d750      0x148 /opt/Altera/9.1/nios2eds/bin/nios2-gnutools/H-i686-pc-linux-gnu/bin/../lib/gcc/nios2-elf/3.4.6/../../../../nios2-elf/lib/libc.a(makebuf.o)
                0x0400d750                __smakebuf
 .text          0x0400d898      0x6b8 /opt/Altera/9.1/nios2eds/bin/nios2-gnutools/H-i686-pc-linux-gnu/bin/../lib/gcc/nios2-elf/3.4.6/../../../../nios2-elf/lib/libc.a(mallocr.o)
                0x0400d898                _malloc_r
 .text          0x0400df50       0xbc /opt/Altera/9.1/nios2eds/bin/nios2-gnutools/H-i686-pc-linux-gnu/bin/../lib/gcc/nios2-elf/3.4.6/../../../../nios2-elf/lib/libc.a(memcpy.o)
                0x0400df50                memcpy
 .text          0x0400e00c       0x9c /opt/Altera/9.1/nios2eds/bin/nios2-gnutools/H-i686-pc-linux-gnu/bin/../lib/gcc/nios2-elf/3.4.6/../../../../nios2-elf/lib/libc.a(memset.o)
                0x0400e00c                memset
 .text          0x0400e0a8       0x64 /opt/Altera/9.1/nios2eds/bin/nios2-gnutools/H-i686-pc-linux-gnu/bin/../lib/gcc/nios2-elf/3.4.6/../../../../nios2-elf/lib/libc.a(openr.o)
                0x0400e0a8                _open_r
 .text          0x0400e10c       0x34 /opt/Altera/9.1/nios2eds/bin/nios2-gnutools/H-i686-pc-linux-gnu/bin/../lib/gcc/nios2-elf/3.4.6/../../../../nios2-elf/lib/libc.a(printf.o)
                0x0400e10c                printf
 .text          0x0400e140      0x1ac /opt/Altera/9.1/nios2eds/bin/nios2-gnutools/H-i686-pc-linux-gnu/bin/../lib/gcc/nios2-elf/3.4.6/../../../../nios2-elf/lib/libc.a(refill.o)
                0x0400e164                __srefill
 .text          0x0400e2ec       0x4c /opt/Altera/9.1/nios2eds/bin/nios2-gnutools/H-i686-pc-linux-gnu/bin/../lib/gcc/nios2-elf/3.4.6/../../../../nios2-elf/lib/libc.a(sbrkr.o)
                0x0400e2ec                _sbrk_r
 .text          0x0400e338      0x17c /opt/Altera/9.1/nios2eds/bin/nios2-gnutools/H-i686-pc-linux-gnu/bin/../lib/gcc/nios2-elf/3.4.6/../../../../nios2-elf/lib/libc.a(stdio.o)
                0x0400e428                __sseek
                0x0400e338                __sread
                0x0400e4a0                __sclose
                0x0400e3a8                __swrite
 .text          0x0400e4b4     0x1d28 /opt/Altera/9.1/nios2eds/bin/nios2-gnutools/H-i686-pc-linux-gnu/bin/../lib/gcc/nios2-elf/3.4.6/../../../../nios2-elf/lib/libc.a(vfprintf1.o)
                0x0400e50c                ___vfprintf_internal_r
                0x04010170                __vfprintf_internal
 .text          0x040101dc       0x88 /opt/Altera/9.1/nios2eds/bin/nios2-gnutools/H-i686-pc-linux-gnu/bin/../lib/gcc/nios2-elf/3.4.6/../../../../nios2-elf/lib/libc.a(wcrtomb.o)
                0x040101dc                _wcrtomb_r
                0x04010240                wcrtomb
 .text          0x04010264      0x17c /opt/Altera/9.1/nios2eds/bin/nios2-gnutools/H-i686-pc-linux-gnu/bin/../lib/gcc/nios2-elf/3.4.6/../../../../nios2-elf/lib/libc.a(wcsrtombs.o)
                0x04010264                _wcsrtombs_r
                0x040103a4                wcsrtombs
 .text          0x040103e0      0x454 /opt/Altera/9.1/nios2eds/bin/nios2-gnutools/H-i686-pc-linux-gnu/bin/../lib/gcc/nios2-elf/3.4.6/../../../../nios2-elf/lib/libc.a(wctomb_r.o)
                0x040103e0                _wctomb_r
 .text          0x04010834       0x64 /opt/Altera/9.1/nios2eds/bin/nios2-gnutools/H-i686-pc-linux-gnu/bin/../lib/gcc/nios2-elf/3.4.6/../../../../nios2-elf/lib/libc.a(writer.o)
                0x04010834                _write_r
 .text          0x04010898      0x10c /opt/Altera/9.1/nios2eds/bin/nios2-gnutools/H-i686-pc-linux-gnu/bin/../lib/gcc/nios2-elf/3.4.6/../../../../nios2-elf/lib/libc.a(wsetup.o)
                0x04010898                __swsetup
 .text          0x040109a4       0x5c /opt/Altera/9.1/nios2eds/bin/nios2-gnutools/H-i686-pc-linux-gnu/bin/../lib/gcc/nios2-elf/3.4.6/../../../../nios2-elf/lib/libc.a(closer.o)
                0x040109a4                _close_r
 .text          0x04010a00     0x15e8 /opt/Altera/9.1/nios2eds/bin/nios2-gnutools/H-i686-pc-linux-gnu/bin/../lib/gcc/nios2-elf/3.4.6/../../../../nios2-elf/lib/libc.a(dtoa.o)
                0x04010bfc                _dtoa_r
 .text          0x04011fe8       0xe8 /opt/Altera/9.1/nios2eds/bin/nios2-gnutools/H-i686-pc-linux-gnu/bin/../lib/gcc/nios2-elf/3.4.6/../../../../nios2-elf/lib/libc.a(fflush.o)
                0x04011fe8                fflush
 .text          0x040120d0      0x14c /opt/Altera/9.1/nios2eds/bin/nios2-gnutools/H-i686-pc-linux-gnu/bin/../lib/gcc/nios2-elf/3.4.6/../../../../nios2-elf/lib/libc.a(findfp1.o)
                0x040120d0                __sfmoreglue
                0x0401213c                __sfp
 .text          0x0401221c       0xa8 /opt/Altera/9.1/nios2eds/bin/nios2-gnutools/H-i686-pc-linux-gnu/bin/../lib/gcc/nios2-elf/3.4.6/../../../../nios2-elf/lib/libc.a(flags.o)
                0x0401221c                __sflags
 .text          0x040122c4      0x3dc /opt/Altera/9.1/nios2eds/bin/nios2-gnutools/H-i686-pc-linux-gnu/bin/../lib/gcc/nios2-elf/3.4.6/../../../../nios2-elf/lib/libc.a(freer.o)
                0x040123e8                _free_r
                0x040122c4                _malloc_trim_r
 .text          0x040126a0      0x384 /opt/Altera/9.1/nios2eds/bin/nios2-gnutools/H-i686-pc-linux-gnu/bin/../lib/gcc/nios2-elf/3.4.6/../../../../nios2-elf/lib/libc.a(fvwrite.o)
                0x040126a0                __sfvwrite
 .text          0x04012a24       0xc8 /opt/Altera/9.1/nios2eds/bin/nios2-gnutools/H-i686-pc-linux-gnu/bin/../lib/gcc/nios2-elf/3.4.6/../../../../nios2-elf/lib/libc.a(locale.o)
                0x04012a24                _setlocale_r
                0x04012aac                __locale_charset
                0x04012ab4                _localeconv_r
                0x04012ac0                setlocale
                0x04012adc                localeconv
 .text          0x04012aec       0x64 /opt/Altera/9.1/nios2eds/bin/nios2-gnutools/H-i686-pc-linux-gnu/bin/../lib/gcc/nios2-elf/3.4.6/../../../../nios2-elf/lib/libc.a(lseekr.o)
                0x04012aec                _lseek_r
 .text          0x04012b50       0x28 /opt/Altera/9.1/nios2eds/bin/nios2-gnutools/H-i686-pc-linux-gnu/bin/../lib/gcc/nios2-elf/3.4.6/../../../../nios2-elf/lib/libc.a(malloc.o)
                0x04012b50                malloc
                0x04012b64                free
 .text          0x04012b78       0xcc /opt/Altera/9.1/nios2eds/bin/nios2-gnutools/H-i686-pc-linux-gnu/bin/../lib/gcc/nios2-elf/3.4.6/../../../../nios2-elf/lib/libc.a(memchr.o)
                0x04012b78                memchr
 .text          0x04012c44      0x108 /opt/Altera/9.1/nios2eds/bin/nios2-gnutools/H-i686-pc-linux-gnu/bin/../lib/gcc/nios2-elf/3.4.6/../../../../nios2-elf/lib/libc.a(memmove.o)
                0x04012c44                memmove
 .text          0x04012d4c      0xec0 /opt/Altera/9.1/nios2eds/bin/nios2-gnutools/H-i686-pc-linux-gnu/bin/../lib/gcc/nios2-elf/3.4.6/../../../../nios2-elf/lib/libc.a(mprec.o)
                0x04013b5c                _mprec_log10
                0x04013014                _hi0bits
                0x04012d4c                _Balloc
                0x04013934                _d2b
                0x04013168                _multiply
                0x04013ab0                _ratio
                0x04012f18                _s2b
                0x0401312c                _i2b
                0x04013078                _lo0bits
                0x040135a0                __mcmp
                0x0401333c                _pow5mult
                0x04013788                _ulp
                0x04013810                _b2d
                0x04012e20                _multadd
                0x04013604                __mdiff
                0x04013468                _lshift
                0x04012dfc                _Bfree
 .text          0x04013c0c       0x64 /opt/Altera/9.1/nios2eds/bin/nios2-gnutools/H-i686-pc-linux-gnu/bin/../lib/gcc/nios2-elf/3.4.6/../../../../nios2-elf/lib/libc.a(readr.o)
                0x04013c0c                _read_r
 .text          0x04013c70      0x550 /opt/Altera/9.1/nios2eds/bin/nios2-gnutools/H-i686-pc-linux-gnu/bin/../lib/gcc/nios2-elf/3.4.6/../../../../nios2-elf/lib/libc.a(reallocr.o)
                0x04013c70                _realloc_r
 .text          0x040141c0       0x44 /opt/Altera/9.1/nios2eds/bin/nios2-gnutools/H-i686-pc-linux-gnu/bin/../lib/gcc/nios2-elf/3.4.6/../../../../nios2-elf/lib/libc.a(s_isinf.o)
                0x040141c0                isinf
 .text          0x04014204       0xb8 /opt/Altera/9.1/nios2eds/bin/nios2-gnutools/H-i686-pc-linux-gnu/bin/../lib/gcc/nios2-elf/3.4.6/../../../../nios2-elf/lib/libc.a(strcmp.o)
                0x04014204                strcmp
 .text          0x040142bc       0x5c /opt/Altera/9.1/nios2eds/bin/nios2-gnutools/H-i686-pc-linux-gnu/bin/../lib/gcc/nios2-elf/3.4.6/../../../../nios2-elf/lib/libc.a(strlen.o)
                0x040142bc                strlen
 .text          0x04014318       0xb0 /opt/Altera/9.1/nios2eds/bin/nios2-gnutools/H-i686-pc-linux-gnu/bin/../lib/gcc/nios2-elf/3.4.6/../../../../nios2-elf/lib/libc.a(callocr.o)
                0x04014318                _calloc_r
 .text          0x040143c8      0x560 /opt/Altera/9.1/nios2eds/bin/nios2-gnutools/H-i686-pc-linux-gnu/bin/../lib/gcc/nios2-elf/3.4.6/libgcc.a(_udivdi3.o)
                0x040143c8                __udivdi3
 .text          0x04014928      0x51c /opt/Altera/9.1/nios2eds/bin/nios2-gnutools/H-i686-pc-linux-gnu/bin/../lib/gcc/nios2-elf/3.4.6/libgcc.a(_umoddi3.o)
                0x04014928                __umoddi3
 .text          0x04014e44      0x144 /home/ucart/Desktop/microcart-f2013/BasicPrograms/LABET_SYSTEM/sw/LABET_SW_PROJECT_bsp//libhal_bsp.a(alt_close.o)
                0x04014e44                close
 .text          0x04014f88       0x28 /home/ucart/Desktop/microcart-f2013/BasicPrograms/LABET_SYSTEM/sw/LABET_SW_PROJECT_bsp//libhal_bsp.a(alt_dev.o)
 .text          0x04014fb0      0x194 /home/ucart/Desktop/microcart-f2013/BasicPrograms/LABET_SYSTEM/sw/LABET_SW_PROJECT_bsp//libhal_bsp.a(alt_fcntl.o)
                0x04014fb0                fcntl
 .text          0x04015144      0x11c /home/ucart/Desktop/microcart-f2013/BasicPrograms/LABET_SYSTEM/sw/LABET_SW_PROJECT_bsp//libhal_bsp.a(alt_fstat.o)
                0x04015144                fstat
 .text          0x04015260      0x108 /home/ucart/Desktop/microcart-f2013/BasicPrograms/LABET_SYSTEM/sw/LABET_SW_PROJECT_bsp//libhal_bsp.a(alt_isatty.o)
                0x04015260                isatty
 .text          0x04015368       0xe4 /home/ucart/Desktop/microcart-f2013/BasicPrograms/LABET_SYSTEM/sw/LABET_SW_PROJECT_bsp//libhal_bsp.a(alt_load.o)
                0x04015368                alt_load
 .text          0x0401544c      0x138 /home/ucart/Desktop/microcart-f2013/BasicPrograms/LABET_SYSTEM/sw/LABET_SW_PROJECT_bsp//libhal_bsp.a(alt_lseek.o)
                0x0401544c                lseek
 .text          0x04015584       0x70 /home/ucart/Desktop/microcart-f2013/BasicPrograms/LABET_SYSTEM/sw/LABET_SW_PROJECT_bsp//libhal_bsp.a(alt_main.o)
                0x04015584                alt_main
 .text          0x040155f4       0x38 /home/ucart/Desktop/microcart-f2013/BasicPrograms/LABET_SYSTEM/sw/LABET_SW_PROJECT_bsp//libhal_bsp.a(alt_malloc_lock.o)
                0x04015610                __malloc_unlock
                0x040155f4                __malloc_lock
 .text          0x0401562c      0x290 /home/ucart/Desktop/microcart-f2013/BasicPrograms/LABET_SYSTEM/sw/LABET_SW_PROJECT_bsp//libhal_bsp.a(alt_open.o)
                0x040156f4                open
 .text          0x040158bc      0x168 /home/ucart/Desktop/microcart-f2013/BasicPrograms/LABET_SYSTEM/sw/LABET_SW_PROJECT_bsp//libhal_bsp.a(alt_read.o)
                0x040158bc                read
 .text          0x04015a24       0x5c /home/ucart/Desktop/microcart-f2013/BasicPrograms/LABET_SYSTEM/sw/LABET_SW_PROJECT_bsp//libhal_bsp.a(alt_release_fd.o)
                0x04015a24                alt_release_fd
 .text          0x04015a80       0xc0 /home/ucart/Desktop/microcart-f2013/BasicPrograms/LABET_SYSTEM/sw/LABET_SW_PROJECT_bsp//libhal_bsp.a(alt_sbrk.o)
                0x04015a80                sbrk
 .text          0x04015b40      0x168 /home/ucart/Desktop/microcart-f2013/BasicPrograms/LABET_SYSTEM/sw/LABET_SW_PROJECT_bsp//libhal_bsp.a(alt_write.o)
                0x04015b40                write
 .text          0x04015ca8      0x108 /home/ucart/Desktop/microcart-f2013/BasicPrograms/LABET_SYSTEM/sw/LABET_SW_PROJECT_bsp//libhal_bsp.a(alt_sys_init.o)
                0x04015cd8                alt_sys_init
                0x04015ca8                alt_irq_init
 .text          0x04015db0      0x138 /home/ucart/Desktop/microcart-f2013/BasicPrograms/LABET_SYSTEM/sw/LABET_SW_PROJECT_bsp//libhal_bsp.a(altera_avalon_jtag_uart_fd.o)
                0x04015db0                altera_avalon_jtag_uart_read_fd
                0x04015e58                altera_avalon_jtag_uart_close_fd
                0x04015e9c                altera_avalon_jtag_uart_ioctl_fd
                0x04015e04                altera_avalon_jtag_uart_write_fd
 .text          0x04015ee8      0x408 /home/ucart/Desktop/microcart-f2013/BasicPrograms/LABET_SYSTEM/sw/LABET_SW_PROJECT_bsp//libhal_bsp.a(altera_avalon_jtag_uart_init.o)
                0x04015ee8                altera_avalon_jtag_uart_init
                0x04016284                altera_avalon_jtag_uart_close
 .text          0x040162f0       0xf8 /home/ucart/Desktop/microcart-f2013/BasicPrograms/LABET_SYSTEM/sw/LABET_SW_PROJECT_bsp//libhal_bsp.a(altera_avalon_jtag_uart_ioctl.o)
                0x040162f0                altera_avalon_jtag_uart_ioctl
 .text          0x040163e8      0x234 /home/ucart/Desktop/microcart-f2013/BasicPrograms/LABET_SYSTEM/sw/LABET_SW_PROJECT_bsp//libhal_bsp.a(altera_avalon_jtag_uart_read.o)
                0x040163e8                altera_avalon_jtag_uart_read
 .text          0x0401661c      0x254 /home/ucart/Desktop/microcart-f2013/BasicPrograms/LABET_SYSTEM/sw/LABET_SW_PROJECT_bsp//libhal_bsp.a(altera_avalon_jtag_uart_write.o)
                0x0401661c                altera_avalon_jtag_uart_write
 .text          0x04016870      0x100 /home/ucart/Desktop/microcart-f2013/BasicPrograms/LABET_SYSTEM/sw/LABET_SW_PROJECT_bsp//libhal_bsp.a(altera_avalon_timer_sc.o)
                0x040168e4                alt_avalon_timer_sc_init
 .text          0x04016970      0x138 /home/ucart/Desktop/microcart-f2013/BasicPrograms/LABET_SYSTEM/sw/LABET_SW_PROJECT_bsp//libhal_bsp.a(altera_avalon_timer_ts.o)
                0x04016a8c                alt_timestamp_freq
                0x04016970                alt_timestamp_start
                0x04016a00                alt_timestamp
 .text          0x04016aa8       0xec /home/ucart/Desktop/microcart-f2013/BasicPrograms/LABET_SYSTEM/sw/LABET_SW_PROJECT_bsp//libhal_bsp.a(altera_avalon_uart_fd.o)
                0x04016afc                altera_avalon_uart_write_fd
                0x04016b50                altera_avalon_uart_close_fd
                0x04016aa8                altera_avalon_uart_read_fd
 .text          0x04016b94      0x40c /home/ucart/Desktop/microcart-f2013/BasicPrograms/LABET_SYSTEM/sw/LABET_SW_PROJECT_bsp//libhal_bsp.a(altera_avalon_uart_init.o)
                0x04016b94                altera_avalon_uart_init
                0x04016f48                altera_avalon_uart_close
 .text          0x04016fa0      0x260 /home/ucart/Desktop/microcart-f2013/BasicPrograms/LABET_SYSTEM/sw/LABET_SW_PROJECT_bsp//libhal_bsp.a(altera_avalon_uart_read.o)
                0x04016fa0                altera_avalon_uart_read
 .text          0x04017200      0x220 /home/ucart/Desktop/microcart-f2013/BasicPrograms/LABET_SYSTEM/sw/LABET_SW_PROJECT_bsp//libhal_bsp.a(altera_avalon_uart_write.o)
                0x04017200                altera_avalon_uart_write
 .text          0x04017420      0x154 /home/ucart/Desktop/microcart-f2013/BasicPrograms/LABET_SYSTEM/sw/LABET_SW_PROJECT_bsp//libhal_bsp.a(alt_alarm_start.o)
                0x04017420                alt_alarm_start
 .text          0x04017574       0x18 /home/ucart/Desktop/microcart-f2013/BasicPrograms/LABET_SYSTEM/sw/LABET_SW_PROJECT_bsp//libhal_bsp.a(alt_dcache_flush_all.o)
                0x04017574                alt_dcache_flush_all
 .text          0x0401758c       0xf8 /home/ucart/Desktop/microcart-f2013/BasicPrograms/LABET_SYSTEM/sw/LABET_SW_PROJECT_bsp//libhal_bsp.a(alt_dev_llist_insert.o)
                0x0401758c                alt_dev_llist_insert
 .text          0x04017684       0x58 /home/ucart/Desktop/microcart-f2013/BasicPrograms/LABET_SYSTEM/sw/LABET_SW_PROJECT_bsp//libhal_bsp.a(alt_do_ctors.o)
                0x04017684                _do_ctors
 .text          0x040176dc       0x58 /home/ucart/Desktop/microcart-f2013/BasicPrograms/LABET_SYSTEM/sw/LABET_SW_PROJECT_bsp//libhal_bsp.a(alt_do_dtors.o)
                0x040176dc                _do_dtors
 .text          0x04017734       0x90 /home/ucart/Desktop/microcart-f2013/BasicPrograms/LABET_SYSTEM/sw/LABET_SW_PROJECT_bsp//libhal_bsp.a(alt_find_dev.o)
                0x04017734                alt_find_dev
 .text          0x040177c4       0xe4 /home/ucart/Desktop/microcart-f2013/BasicPrograms/LABET_SYSTEM/sw/LABET_SW_PROJECT_bsp//libhal_bsp.a(alt_find_file.o)
                0x040177c4                alt_find_file
 .text          0x040178a8       0xac /home/ucart/Desktop/microcart-f2013/BasicPrograms/LABET_SYSTEM/sw/LABET_SW_PROJECT_bsp//libhal_bsp.a(alt_get_fd.o)
                0x040178a8                alt_get_fd
 .text          0x04017954       0x2c /home/ucart/Desktop/microcart-f2013/BasicPrograms/LABET_SYSTEM/sw/LABET_SW_PROJECT_bsp//libhal_bsp.a(alt_icache_flush_all.o)
                0x04017954                alt_icache_flush_all
 .text          0x04017980      0x194 /home/ucart/Desktop/microcart-f2013/BasicPrograms/LABET_SYSTEM/sw/LABET_SW_PROJECT_bsp//libhal_bsp.a(alt_iic.o)
                0x04017ad4                alt_ic_irq_enabled
                0x04017980                alt_ic_isr_register
                0x04017a48                alt_ic_irq_disable
                0x040179c0                alt_ic_irq_enable
 .text          0x04017b14      0x134 /home/ucart/Desktop/microcart-f2013/BasicPrograms/LABET_SYSTEM/sw/LABET_SW_PROJECT_bsp//libhal_bsp.a(alt_io_redirect.o)
                0x04017bd4                alt_io_redirect
 .text          0x04017c48      0x1a4 /home/ucart/Desktop/microcart-f2013/BasicPrograms/LABET_SYSTEM/sw/LABET_SW_PROJECT_bsp//libhal_bsp.a(alt_irq_register.o)
                0x04017c48                alt_irq_register
 .text          0x04017dec      0x19c /home/ucart/Desktop/microcart-f2013/BasicPrograms/LABET_SYSTEM/sw/LABET_SW_PROJECT_bsp//libhal_bsp.a(alt_tick.o)
                0x04017e88                alt_tick
                0x04017dec                alt_alarm_stop
 .text          0x04017f88       0x1c /home/ucart/Desktop/microcart-f2013/BasicPrograms/LABET_SYSTEM/sw/LABET_SW_PROJECT_bsp//libhal_bsp.a(altera_nios2_irq.o)
                0x04017f88                altera_nios2_irq_init
 .text          0x04017fa4       0x8c /home/ucart/Desktop/microcart-f2013/BasicPrograms/LABET_SYSTEM/sw/LABET_SW_PROJECT_bsp//libhal_bsp.a(alt_icache_flush.o)
                0x04017fa4                alt_icache_flush
 .text          0x04018030       0x9c /opt/Altera/9.1/nios2eds/bin/nios2-gnutools/H-i686-pc-linux-gnu/bin/../lib/gcc/nios2-elf/3.4.6/../../../../nios2-elf/lib/libc.a(atexit.o)
                0x04018030                atexit
 .text          0x040180cc       0xe4 /opt/Altera/9.1/nios2eds/bin/nios2-gnutools/H-i686-pc-linux-gnu/bin/../lib/gcc/nios2-elf/3.4.6/../../../../nios2-elf/lib/libc.a(exit.o)
                0x040180cc                exit
 .text          0x040181b0       0x70 /opt/Altera/9.1/nios2eds/bin/nios2-gnutools/H-i686-pc-linux-gnu/bin/../lib/gcc/nios2-elf/3.4.6/../../../../nios2-elf/lib/libc.a(memcmp.o)
                0x040181b0                memcmp
 .text          0x04018220       0x50 /home/ucart/Desktop/microcart-f2013/BasicPrograms/LABET_SYSTEM/sw/LABET_SW_PROJECT_bsp//libhal_bsp.a(alt_exit.o)
                0x04018250                _exit
 *(.gnu.warning.*)
 *(.fini)
                0x04018270                PROVIDE (__etext, <code 336> (.))
                0x04018270                PROVIDE (_etext, <code 336> (.))
                0x04018270                PROVIDE (etext, <code 336> (.))
 *(.eh_frame_hdr)
                0x04018270                . = ALIGN (0x4)
                0x04018270                PROVIDE (__preinit_array_start, <code 336> (.))
 *(.preinit_array)
                0x04018270                PROVIDE (__preinit_array_end, <code 336> (.))
                0x04018270                PROVIDE (__init_array_start, <code 336> (.))
 *(.init_array)
                0x04018270                PROVIDE (__init_array_end, <code 336> (.))
                0x04018270                PROVIDE (__fini_array_start, <code 336> (.))
 *(.fini_array)
                0x04018270                PROVIDE (__fini_array_end, <code 336> (.))
 *(.eh_frame)
 *(.gcc_except_table)
 *(.dynamic)
                0x04018270                PROVIDE (__CTOR_LIST__, <code 336> (.))
 *(.ctors)
 *(SORT(.ctors.*))
                0x04018270                PROVIDE (__CTOR_END__, <code 336> (.))
                0x04018270                PROVIDE (__DTOR_LIST__, <code 336> (.))
 *(.dtors)
 *(SORT(.dtors.*))
                0x04018270                PROVIDE (__DTOR_END__, <code 336> (.))
 *(.jcr)
                0x04018270                . = ALIGN (0x4)

.rodata         0x04018270      0x8ec load address 0x04018270
                0x04018270                PROVIDE (__ram_rodata_start, <code 336> (.))
                0x04018270                . = ALIGN (0x4)
 *(.rodata .rodata.* .gnu.linkonce.r.*)
 .rodata        0x04018270       0xa0 obj/hello_world.o
 .rodata        0x04018310       0x64 obj/imu.o
 .rodata        0x04018374       0x98 /opt/Altera/9.1/nios2eds/bin/nios2-gnutools/H-i686-pc-linux-gnu/bin/../lib/gcc/nios2-elf/3.4.6/../../../../nios2-elf/lib/libm.a(s_atan.o)
 .rodata.str1.4
                0x0401840c        0x5 /opt/Altera/9.1/nios2eds/bin/nios2-gnutools/H-i686-pc-linux-gnu/bin/../lib/gcc/nios2-elf/3.4.6/../../../../nios2-elf/lib/libm.a(w_asin.o)
                                  0x8 (size before relaxing)
 *fill*         0x04018411        0x3 00
 .rodata.str1.4
                0x04018414        0x6 /opt/Altera/9.1/nios2eds/bin/nios2-gnutools/H-i686-pc-linux-gnu/bin/../lib/gcc/nios2-elf/3.4.6/../../../../nios2-elf/lib/libm.a(w_atan2.o)
                                  0x8 (size before relaxing)
 *fill*         0x0401841a        0x2 00
 .rodata.str1.4
                0x0401841c        0x5 /opt/Altera/9.1/nios2eds/bin/nios2-gnutools/H-i686-pc-linux-gnu/bin/../lib/gcc/nios2-elf/3.4.6/../../../../nios2-elf/lib/libm.a(w_sqrt.o)
                                  0x8 (size before relaxing)
 *fill*         0x04018421        0x3 00
 .rodata        0x04018424      0x188 /opt/Altera/9.1/nios2eds/bin/nios2-gnutools/H-i686-pc-linux-gnu/bin/../lib/gcc/nios2-elf/3.4.6/../../../../nios2-elf/lib/libm.a(e_rem_pio2.o)
 .rodata        0x040185ac       0x50 /opt/Altera/9.1/nios2eds/bin/nios2-gnutools/H-i686-pc-linux-gnu/bin/../lib/gcc/nios2-elf/3.4.6/../../../../nios2-elf/lib/libm.a(k_rem_pio2.o)
 .rodata        0x040185fc       0x68 /opt/Altera/9.1/nios2eds/bin/nios2-gnutools/H-i686-pc-linux-gnu/bin/../lib/gcc/nios2-elf/3.4.6/../../../../nios2-elf/lib/libm.a(k_tan.o)
 .rodata        0x04018664       0x10 /opt/Altera/9.1/nios2eds/bin/nios2-gnutools/H-i686-pc-linux-gnu/bin/../lib/gcc/nios2-elf/3.4.6/libgcc.a(_thenan_sf.o)
                0x04018664                __thenan_sf
 .rodata        0x04018674       0x14 /opt/Altera/9.1/nios2eds/bin/nios2-gnutools/H-i686-pc-linux-gnu/bin/../lib/gcc/nios2-elf/3.4.6/libgcc.a(_thenan_df.o)
                0x04018674                __thenan_df
 .rodata.str1.4
                0x04018688        0x2 /opt/Altera/9.1/nios2eds/bin/nios2-gnutools/H-i686-pc-linux-gnu/bin/../lib/gcc/nios2-elf/3.4.6/../../../../nios2-elf/lib/libc.a(impure.o)
                                  0x4 (size before relaxing)
 *fill*         0x0401868a        0x2 00
 .rodata        0x0401868c      0x184 /opt/Altera/9.1/nios2eds/bin/nios2-gnutools/H-i686-pc-linux-gnu/bin/../lib/gcc/nios2-elf/3.4.6/../../../../nios2-elf/lib/libc.a(vfprintf1.o)
 .rodata.str1.4
                0x04018810       0x5b /opt/Altera/9.1/nios2eds/bin/nios2-gnutools/H-i686-pc-linux-gnu/bin/../lib/gcc/nios2-elf/3.4.6/../../../../nios2-elf/lib/libc.a(vfprintf1.o)
                                 0x5c (size before relaxing)
 *fill*         0x0401886b        0x1 00
 .rodata.str1.4
                0x0401886c       0x1e /opt/Altera/9.1/nios2eds/bin/nios2-gnutools/H-i686-pc-linux-gnu/bin/../lib/gcc/nios2-elf/3.4.6/../../../../nios2-elf/lib/libc.a(wctomb_r.o)
                                 0x20 (size before relaxing)
 *fill*         0x0401888a        0x2 00
 .rodata.str1.4
                0x0401888c        0x9 /opt/Altera/9.1/nios2eds/bin/nios2-gnutools/H-i686-pc-linux-gnu/bin/../lib/gcc/nios2-elf/3.4.6/../../../../nios2-elf/lib/libc.a(dtoa.o)
                                 0x14 (size before relaxing)
 *fill*         0x04018895        0x3 00
 .rodata        0x04018898       0x18 /opt/Altera/9.1/nios2eds/bin/nios2-gnutools/H-i686-pc-linux-gnu/bin/../lib/gcc/nios2-elf/3.4.6/../../../../nios2-elf/lib/libc.a(dtoa.o)
 .rodata.str1.4
                0x040188b0        0xb /opt/Altera/9.1/nios2eds/bin/nios2-gnutools/H-i686-pc-linux-gnu/bin/../lib/gcc/nios2-elf/3.4.6/../../../../nios2-elf/lib/libc.a(locale.o)
                                 0x18 (size before relaxing)
 *fill*         0x040188bb        0x1 00
 .rodata        0x040188bc       0x30 /opt/Altera/9.1/nios2eds/bin/nios2-gnutools/H-i686-pc-linux-gnu/bin/../lib/gcc/nios2-elf/3.4.6/../../../../nios2-elf/lib/libc.a(locale.o)
 .rodata        0x040188ec      0x124 /opt/Altera/9.1/nios2eds/bin/nios2-gnutools/H-i686-pc-linux-gnu/bin/../lib/gcc/nios2-elf/3.4.6/../../../../nios2-elf/lib/libc.a(mprec.o)
                0x040188ec                __mprec_tinytens
                0x0401893c                __mprec_tens
                0x04018914                __mprec_bigtens
 .rodata        0x04018a10      0x100 /opt/Altera/9.1/nios2eds/bin/nios2-gnutools/H-i686-pc-linux-gnu/bin/../lib/gcc/nios2-elf/3.4.6/libgcc.a(_clz.o)
                0x04018a10                __clz_tab
 .rodata        0x04018b10        0xc /home/ucart/Desktop/microcart-f2013/BasicPrograms/LABET_SYSTEM/sw/LABET_SW_PROJECT_bsp//libhal_bsp.a(alt_dev.o)
 .rodata        0x04018b1c       0x14 /home/ucart/Desktop/microcart-f2013/BasicPrograms/LABET_SYSTEM/sw/LABET_SW_PROJECT_bsp//libhal_bsp.a(alt_main.o)
 .rodata        0x04018b30       0x2c /home/ucart/Desktop/microcart-f2013/BasicPrograms/LABET_SYSTEM/sw/LABET_SW_PROJECT_bsp//libhal_bsp.a(alt_sys_init.o)
 *(.rodata1)
                0x04018b5c                . = ALIGN (0x4)
                0x04018b5c                PROVIDE (__ram_rodata_end, <code 336> (.))
                0x04018270                PROVIDE (__flash_rodata_start, LOADADDR (.rodata))

.rwdata         0x04018b5c     0x1f38 load address 0x04018b5c
                0x04018b5c                PROVIDE (__ram_rwdata_start, <code 336> (.))
                0x04018b5c                . = ALIGN (0x4)
 *(.got.plt)
 *(.got)
 *(.data1)
 *(.data .data.* .gnu.linkonce.d.*)
 .data          0x04018b5c       0x3c obj/hello_world.o
                0x04018b5c                data
 .data          0x04018b98      0x2e5 obj/imu.o
                0x04018b98                reg_defaults
                0x04018c82                reg_str
 *fill*         0x04018e7d        0x3 00
 .data          0x04018e80      0x37c /opt/Altera/9.1/nios2eds/bin/nios2-gnutools/H-i686-pc-linux-gnu/bin/../lib/gcc/nios2-elf/3.4.6/../../../../nios2-elf/lib/libc.a(impure.o)
 .data          0x040191fc      0x430 /opt/Altera/9.1/nios2eds/bin/nios2-gnutools/H-i686-pc-linux-gnu/bin/../lib/gcc/nios2-elf/3.4.6/../../../../nios2-elf/lib/libc.a(mallocr.o)
                0x040191fc                __malloc_current_mallinfo
                0x04019224                __malloc_av_
 .data          0x0401962c        0xc /opt/Altera/9.1/nios2eds/bin/nios2-gnutools/H-i686-pc-linux-gnu/bin/../lib/gcc/nios2-elf/3.4.6/../../../../nios2-elf/lib/libc.a(locale.o)
                0x0401962c                __lc_ctype
 .data          0x04019638      0x1a8 /home/ucart/Desktop/microcart-f2013/BasicPrograms/LABET_SYSTEM/sw/LABET_SW_PROJECT_bsp//libhal_bsp.a(alt_dev.o)
                0x04019660                alt_fd_list
                0x04019638                alt_dev_null
 .data          0x040197e0     0x11e8 /home/ucart/Desktop/microcart-f2013/BasicPrograms/LABET_SYSTEM/sw/LABET_SW_PROJECT_bsp//libhal_bsp.a(alt_sys_init.o)
                0x040229c8                _gp = <code 336> ((. + 0x8000))
                0x040229c8                PROVIDE (gp, _gp)
 *(.sdata .sdata.* .gnu.linkonce.s.*)
 .sdata         0x0401a9c8       0x54 obj/hello_world.o
                0x0401a9d4                print
                0x0401a9e8                curPosLon
                0x0401a9ec                curPosPitch
                0x0401a9dc                firstSample
                0x0401aa18                manualControl
                0x0401aa08                targetPitch
                0x0401aa10                manualThrottle
                0x0401aa0c                targetRoll
                0x0401aa00                targetPosLat
                0x0401aa04                targetPosLon
                0x0401a9cc                phi
                0x0401a9c8                theta
                0x0401aa14                autoThrottle
                0x0401a9e0                curPosAlt
                0x0401a9fc                targetPosAlt
                0x0401a9f0                curPosRoll
                0x0401a9d8                count
                0x0401a9d0                yaw
                0x0401a9e4                curPosLat
                0x0401a9f8                targetDir
                0x0401a9f4                curPosYaw
 .sdata         0x0401aa1c        0x4 /opt/Altera/9.1/nios2eds/bin/nios2-gnutools/H-i686-pc-linux-gnu/bin/../lib/gcc/nios2-elf/3.4.6/../../../../nios2-elf/lib/libm.a(s_lib_ver.o)
                0x0401aa1c                __fdlib_version
 .sdata         0x0401aa20        0x4 /opt/Altera/9.1/nios2eds/bin/nios2-gnutools/H-i686-pc-linux-gnu/bin/../lib/gcc/nios2-elf/3.4.6/../../../../nios2-elf/lib/libc.a(impure.o)
                0x0401aa20                _impure_ptr
 .sdata         0x0401aa24       0x14 /opt/Altera/9.1/nios2eds/bin/nios2-gnutools/H-i686-pc-linux-gnu/bin/../lib/gcc/nios2-elf/3.4.6/../../../../nios2-elf/lib/libc.a(mallocr.o)
                0x0401aa30                __malloc_top_pad
                0x0401aa28                __malloc_max_sbrked_mem
                0x0401aa2c                __malloc_sbrk_base
                0x0401aa24                __malloc_max_total_mem
                0x0401aa34                __malloc_trim_threshold
 .sdata         0x0401aa38       0x14 /opt/Altera/9.1/nios2eds/bin/nios2-gnutools/H-i686-pc-linux-gnu/bin/../lib/gcc/nios2-elf/3.4.6/../../../../nios2-elf/lib/libc.a(locale.o)
                0x0401aa44                __mb_cur_max
                0x0401aa40                __nlocale_changed
                0x0401aa3c                __mlocale_changed
                0x0401aa38                _PathLocale
 .sdata         0x0401aa4c       0x14 /home/ucart/Desktop/microcart-f2013/BasicPrograms/LABET_SYSTEM/sw/LABET_SW_PROJECT_bsp//libhal_bsp.a(alt_dev.o)
                0x0401aa5c                alt_max_fd
                0x0401aa54                alt_dev_list
                0x0401aa4c                alt_fs_list
 .sdata         0x0401aa60        0x4 /home/ucart/Desktop/microcart-f2013/BasicPrograms/LABET_SYSTEM/sw/LABET_SW_PROJECT_bsp//libhal_bsp.a(alt_errno.o)
                0x0401aa60                alt_errno
 .sdata         0x0401aa64        0xc /home/ucart/Desktop/microcart-f2013/BasicPrograms/LABET_SYSTEM/sw/LABET_SW_PROJECT_bsp//libhal_bsp.a(alt_main.o)
                0x0401aa68                alt_argv
                0x0401aa6c                alt_envp
                0x0401aa64                alt_argc
 .sdata         0x0401aa70        0x4 /home/ucart/Desktop/microcart-f2013/BasicPrograms/LABET_SYSTEM/sw/LABET_SW_PROJECT_bsp//libhal_bsp.a(alt_sbrk.o)
 .sdata         0x0401aa74        0x8 /home/ucart/Desktop/microcart-f2013/BasicPrograms/LABET_SYSTEM/sw/LABET_SW_PROJECT_bsp//libhal_bsp.a(altera_avalon_timer_vars.o)
                0x0401aa78                altera_avalon_timer_ts_freq
                0x0401aa74                altera_avalon_timer_ts_base
 .sdata         0x0401aa7c        0x8 /home/ucart/Desktop/microcart-f2013/BasicPrograms/LABET_SYSTEM/sw/LABET_SW_PROJECT_bsp//libhal_bsp.a(alt_irq_vars.o)
                0x0401aa7c                alt_irq_active
                0x0401aa80                alt_priority_mask
 .sdata         0x0401aa84       0x10 /home/ucart/Desktop/microcart-f2013/BasicPrograms/LABET_SYSTEM/sw/LABET_SW_PROJECT_bsp//libhal_bsp.a(alt_tick.o)
                0x0401aa84                _alt_tick_rate
                0x0401aa88                _alt_nticks
                0x0401aa8c                alt_alarm_list
 *(.sdata2 .sdata2.* .gnu.linkonce.s2.*)
                0x0401aa94                . = ALIGN (0x4)
                0x0401aa94                _edata = <code 336> (.)
                0x0401aa94                PROVIDE (edata, <code 336> (.))
                0x0401aa94                PROVIDE (__ram_rwdata_end, <code 336> (.))
                0x04018b5c                PROVIDE (__flash_rwdata_start, LOADADDR (.rwdata))

.bss            0x0401aa94      0x4e0 load address 0x0401aa94
                0x0401aa94                __bss_start = <code 336> (.)
                0x0401aa94                PROVIDE (__sbss_start, <code 336> (.))
                0x0401aa94                PROVIDE (___sbss_start, <code 336> (.))
 *(.dynsbss)
 *(.sbss .sbss.* .gnu.linkonce.sb.*)
 .sbss          0x0401aa94       0x2c obj/hello_world.o
                0x0401aab8                fd
                0x0401aaa8                lastMicros
                0x0401aab0                Awz
                0x0401aaac                interval
                0x0401aabc                timestampFix
 .sbss          0x0401aac0        0xc obj/kalmanfilter.o
 .sbss          0x0401aacc        0x4 /opt/Altera/9.1/nios2eds/bin/nios2-gnutools/H-i686-pc-linux-gnu/bin/../lib/gcc/nios2-elf/3.4.6/../../../../nios2-elf/lib/libc.a(int_errno.o)
                0x0401aacc                errno
 .sbss          0x0401aad0        0x4 /opt/Altera/9.1/nios2eds/bin/nios2-gnutools/H-i686-pc-linux-gnu/bin/../lib/gcc/nios2-elf/3.4.6/../../../../nios2-elf/lib/libc.a(findfp1.o)
 .sbss          0x0401aad4        0x4 /opt/Altera/9.1/nios2eds/bin/nios2-gnutools/H-i686-pc-linux-gnu/bin/../lib/gcc/nios2-elf/3.4.6/../../../../nios2-elf/lib/libc.a(atexit.o)
 *(.sbss2 .sbss2.* .gnu.linkonce.sb2.*)
 *(.scommon)
                0x0401aad8                PROVIDE (__sbss_end, <code 336> (.))
                0x0401aad8                PROVIDE (___sbss_end, <code 336> (.))
 *(.dynbss)
 *(.bss .bss.* .gnu.linkonce.b.*)
 .bss           0x0401aad8      0x150 obj/kalmanfilter.o
 *(COMMON)
 COMMON         0x0401ac28      0x12c obj/hello_world.o
                                  0x0 (size before relaxing)
                0x0401ac28                errLong
                0x0401ac40                errPitch
                0x0401ac58                errYaw
                0x0401ac70                RwAcc
                0x0401ac7c                RwGyro
                0x0401ac88                UAVPitch
                0x0401ac9c                RwEst
                0x0401aca8                UAVRoll
                0x0401acbc                UAVAlt
                0x0401acd0                errLat
                0x0401ace8                UAVLon
                0x0401acfc                errRoll
                0x0401ad14                errAlt
                0x0401ad2c                UAVYaw
                0x0401ad40                UAVLat
 COMMON         0x0401ad54       0x12 obj/imu.o
                                  0x0 (size before relaxing)
                0x0401ad54                currentHeliState
 *fill*         0x0401ad66        0x2 00
 COMMON         0x0401ad68      0x100 /home/ucart/Desktop/microcart-f2013/BasicPrograms/LABET_SYSTEM/sw/LABET_SW_PROJECT_bsp//libhal_bsp.a(alt_irq_handler.o)
                                  0x0 (size before relaxing)
                0x0401ad68                alt_irq
 COMMON         0x0401ae68      0x10c /opt/Altera/9.1/nios2eds/bin/nios2-gnutools/H-i686-pc-linux-gnu/bin/../lib/gcc/nios2-elf/3.4.6/../../../../nios2-elf/lib/libc.a(atexit.o)
                                  0x0 (size before relaxing)
                0x0401ae68                _atexit0
                0x0401af74                . = ALIGN (0x4)
                0x0401af74                __bss_end = <code 336> (.)

.altmemddr_0    0x0401af74        0x0 load address 0x0401af74
                0x0401af74                PROVIDE (_alt_partition_altmemddr_0_start, <code 336> (.))
 *(.altmemddr_0. altmemddr_0.*)
                0x0401af74                . = ALIGN (0x4)
                0x0401af74                PROVIDE (_alt_partition_altmemddr_0_end, <code 336> (.))
                0x0401af74                _end = <code 336> (.)
                0x0401af74                end = <code 336> (.)
                0x0401af74                __alt_stack_base = <code 336> (.)
                0x0401af74                PROVIDE (_alt_partition_altmemddr_0_load_addr, LOADADDR (.altmemddr_0))

.onchip_memory2_0
                0x080041c4        0x0 load address 0x0401af74
                0x080041c4                PROVIDE (_alt_partition_onchip_memory2_0_start, <code 336> (.))
 *(.onchip_memory2_0. onchip_memory2_0.*)
                0x080041c4                . = ALIGN (0x4)
                0x080041c4                PROVIDE (_alt_partition_onchip_memory2_0_end, <code 336> (.))
                0x0401af74                PROVIDE (_alt_partition_onchip_memory2_0_load_addr, LOADADDR (.onchip_memory2_0))

.stab
 *(.stab)

.stabstr
 *(.stabstr)

.stab.excl
 *(.stab.excl)

.stab.exclstr
 *(.stab.exclstr)

.stab.index
 *(.stab.index)

.stab.indexstr
 *(.stab.indexstr)

.comment        0x00000000     0x1b54
 *(.comment)
 .comment       0x00000000       0x2c obj/ars.o
 .comment       0x0000002c       0x2c obj/attitude.o
 .comment       0x00000058       0x2c obj/controls.o
 .comment       0x00000084       0x2c obj/hello_world.o
 .comment       0x000000b0       0x2c obj/imu.o
 .comment       0x000000dc       0x2c obj/kalmanfilter.o
 .comment       0x00000108       0x2c obj/matrixmath.o
 .comment       0x00000134       0x2c obj/ping.o
 .comment       0x00000160       0x2c /opt/Altera/9.1/nios2eds/bin/nios2-gnutools/H-i686-pc-linux-gnu/bin/../lib/gcc/nios2-elf/3.4.6/../../../../nios2-elf/lib/libm.a(s_atan.o)
 .comment       0x0000018c       0x2c /opt/Altera/9.1/nios2eds/bin/nios2-gnutools/H-i686-pc-linux-gnu/bin/../lib/gcc/nios2-elf/3.4.6/../../../../nios2-elf/lib/libm.a(s_cos.o)
 .comment       0x000001b8       0x2c /opt/Altera/9.1/nios2eds/bin/nios2-gnutools/H-i686-pc-linux-gnu/bin/../lib/gcc/nios2-elf/3.4.6/../../../../nios2-elf/lib/libm.a(s_fabs.o)
 .comment       0x000001e4       0x2c /opt/Altera/9.1/nios2eds/bin/nios2-gnutools/H-i686-pc-linux-gnu/bin/../lib/gcc/nios2-elf/3.4.6/../../../../nios2-elf/lib/libm.a(s_sin.o)
 .comment       0x00000210       0x2c /opt/Altera/9.1/nios2eds/bin/nios2-gnutools/H-i686-pc-linux-gnu/bin/../lib/gcc/nios2-elf/3.4.6/../../../../nios2-elf/lib/libm.a(s_tan.o)
 .comment       0x0000023c       0x2c /opt/Altera/9.1/nios2eds/bin/nios2-gnutools/H-i686-pc-linux-gnu/bin/../lib/gcc/nios2-elf/3.4.6/../../../../nios2-elf/lib/libm.a(w_asin.o)
 .comment       0x00000268       0x2c /opt/Altera/9.1/nios2eds/bin/nios2-gnutools/H-i686-pc-linux-gnu/bin/../lib/gcc/nios2-elf/3.4.6/../../../../nios2-elf/lib/libm.a(w_atan2.o)
 .comment       0x00000294       0x2c /opt/Altera/9.1/nios2eds/bin/nios2-gnutools/H-i686-pc-linux-gnu/bin/../lib/gcc/nios2-elf/3.4.6/../../../../nios2-elf/lib/libm.a(w_sqrt.o)
 .comment       0x000002c0       0x2c /opt/Altera/9.1/nios2eds/bin/nios2-gnutools/H-i686-pc-linux-gnu/bin/../lib/gcc/nios2-elf/3.4.6/../../../../nios2-elf/lib/libm.a(e_asin.o)
 .comment       0x000002ec       0x2c /opt/Altera/9.1/nios2eds/bin/nios2-gnutools/H-i686-pc-linux-gnu/bin/../lib/gcc/nios2-elf/3.4.6/../../../../nios2-elf/lib/libm.a(e_atan2.o)
 .comment       0x00000318       0x2c /opt/Altera/9.1/nios2eds/bin/nios2-gnutools/H-i686-pc-linux-gnu/bin/../lib/gcc/nios2-elf/3.4.6/../../../../nios2-elf/lib/libm.a(e_rem_pio2.o)
 .comment       0x00000344       0x2c /opt/Altera/9.1/nios2eds/bin/nios2-gnutools/H-i686-pc-linux-gnu/bin/../lib/gcc/nios2-elf/3.4.6/../../../../nios2-elf/lib/libm.a(e_sqrt.o)
 .comment       0x00000370       0x2c /opt/Altera/9.1/nios2eds/bin/nios2-gnutools/H-i686-pc-linux-gnu/bin/../lib/gcc/nios2-elf/3.4.6/../../../../nios2-elf/lib/libm.a(k_cos.o)
 .comment       0x0000039c       0x2c /opt/Altera/9.1/nios2eds/bin/nios2-gnutools/H-i686-pc-linux-gnu/bin/../lib/gcc/nios2-elf/3.4.6/../../../../nios2-elf/lib/libm.a(k_rem_pio2.o)
 .comment       0x000003c8       0x2c /opt/Altera/9.1/nios2eds/bin/nios2-gnutools/H-i686-pc-linux-gnu/bin/../lib/gcc/nios2-elf/3.4.6/../../../../nios2-elf/lib/libm.a(k_sin.o)
 .comment       0x000003f4       0x2c /opt/Altera/9.1/nios2eds/bin/nios2-gnutools/H-i686-pc-linux-gnu/bin/../lib/gcc/nios2-elf/3.4.6/../../../../nios2-elf/lib/libm.a(k_tan.o)
 .comment       0x00000420       0x2c /opt/Altera/9.1/nios2eds/bin/nios2-gnutools/H-i686-pc-linux-gnu/bin/../lib/gcc/nios2-elf/3.4.6/../../../../nios2-elf/lib/libm.a(s_floor.o)
 .comment       0x0000044c       0x2c /opt/Altera/9.1/nios2eds/bin/nios2-gnutools/H-i686-pc-linux-gnu/bin/../lib/gcc/nios2-elf/3.4.6/../../../../nios2-elf/lib/libm.a(s_isnan.o)
 .comment       0x00000478       0x2c /opt/Altera/9.1/nios2eds/bin/nios2-gnutools/H-i686-pc-linux-gnu/bin/../lib/gcc/nios2-elf/3.4.6/../../../../nios2-elf/lib/libm.a(s_lib_ver.o)
 .comment       0x000004a4       0x2c /opt/Altera/9.1/nios2eds/bin/nios2-gnutools/H-i686-pc-linux-gnu/bin/../lib/gcc/nios2-elf/3.4.6/../../../../nios2-elf/lib/libm.a(s_matherr.o)
 .comment       0x000004d0       0x2c /opt/Altera/9.1/nios2eds/bin/nios2-gnutools/H-i686-pc-linux-gnu/bin/../lib/gcc/nios2-elf/3.4.6/../../../../nios2-elf/lib/libm.a(s_scalbn.o)
 .comment       0x000004fc       0x2c /opt/Altera/9.1/nios2eds/bin/nios2-gnutools/H-i686-pc-linux-gnu/bin/../lib/gcc/nios2-elf/3.4.6/../../../../nios2-elf/lib/libm.a(s_copysign.o)
 .comment       0x00000528       0x2c /opt/Altera/9.1/nios2eds/bin/nios2-gnutools/H-i686-pc-linux-gnu/bin/../lib/gcc/nios2-elf/3.4.6/libgcc.a(_addsub_sf.o)
 .comment       0x00000554       0x2c /opt/Altera/9.1/nios2eds/bin/nios2-gnutools/H-i686-pc-linux-gnu/bin/../lib/gcc/nios2-elf/3.4.6/libgcc.a(_mul_sf.o)
 .comment       0x00000580       0x2c /opt/Altera/9.1/nios2eds/bin/nios2-gnutools/H-i686-pc-linux-gnu/bin/../lib/gcc/nios2-elf/3.4.6/libgcc.a(_div_sf.o)
 .comment       0x000005ac       0x2c /opt/Altera/9.1/nios2eds/bin/nios2-gnutools/H-i686-pc-linux-gnu/bin/../lib/gcc/nios2-elf/3.4.6/libgcc.a(_eq_sf.o)
 .comment       0x000005d8       0x2c /opt/Altera/9.1/nios2eds/bin/nios2-gnutools/H-i686-pc-linux-gnu/bin/../lib/gcc/nios2-elf/3.4.6/libgcc.a(_ne_sf.o)
 .comment       0x00000604       0x2c /opt/Altera/9.1/nios2eds/bin/nios2-gnutools/H-i686-pc-linux-gnu/bin/../lib/gcc/nios2-elf/3.4.6/libgcc.a(_si_to_sf.o)
 .comment       0x00000630       0x2c /opt/Altera/9.1/nios2eds/bin/nios2-gnutools/H-i686-pc-linux-gnu/bin/../lib/gcc/nios2-elf/3.4.6/libgcc.a(_sf_to_si.o)
 .comment       0x0000065c       0x2c /opt/Altera/9.1/nios2eds/bin/nios2-gnutools/H-i686-pc-linux-gnu/bin/../lib/gcc/nios2-elf/3.4.6/libgcc.a(_sf_to_df.o)
 .comment       0x00000688       0x2c /opt/Altera/9.1/nios2eds/bin/nios2-gnutools/H-i686-pc-linux-gnu/bin/../lib/gcc/nios2-elf/3.4.6/libgcc.a(_thenan_sf.o)
 .comment       0x000006b4       0x2c /opt/Altera/9.1/nios2eds/bin/nios2-gnutools/H-i686-pc-linux-gnu/bin/../lib/gcc/nios2-elf/3.4.6/libgcc.a(_addsub_df.o)
 .comment       0x000006e0       0x2c /opt/Altera/9.1/nios2eds/bin/nios2-gnutools/H-i686-pc-linux-gnu/bin/../lib/gcc/nios2-elf/3.4.6/libgcc.a(_mul_df.o)
 .comment       0x0000070c       0x2c /opt/Altera/9.1/nios2eds/bin/nios2-gnutools/H-i686-pc-linux-gnu/bin/../lib/gcc/nios2-elf/3.4.6/libgcc.a(_div_df.o)
 .comment       0x00000738       0x2c /opt/Altera/9.1/nios2eds/bin/nios2-gnutools/H-i686-pc-linux-gnu/bin/../lib/gcc/nios2-elf/3.4.6/libgcc.a(_eq_df.o)
 .comment       0x00000764       0x2c /opt/Altera/9.1/nios2eds/bin/nios2-gnutools/H-i686-pc-linux-gnu/bin/../lib/gcc/nios2-elf/3.4.6/libgcc.a(_ne_df.o)
 .comment       0x00000790       0x2c /opt/Altera/9.1/nios2eds/bin/nios2-gnutools/H-i686-pc-linux-gnu/bin/../lib/gcc/nios2-elf/3.4.6/libgcc.a(_gt_df.o)
 .comment       0x000007bc       0x2c /opt/Altera/9.1/nios2eds/bin/nios2-gnutools/H-i686-pc-linux-gnu/bin/../lib/gcc/nios2-elf/3.4.6/libgcc.a(_ge_df.o)
 .comment       0x000007e8       0x2c /opt/Altera/9.1/nios2eds/bin/nios2-gnutools/H-i686-pc-linux-gnu/bin/../lib/gcc/nios2-elf/3.4.6/libgcc.a(_lt_df.o)
 .comment       0x00000814       0x2c /opt/Altera/9.1/nios2eds/bin/nios2-gnutools/H-i686-pc-linux-gnu/bin/../lib/gcc/nios2-elf/3.4.6/libgcc.a(_si_to_df.o)
 .comment       0x00000840       0x2c /opt/Altera/9.1/nios2eds/bin/nios2-gnutools/H-i686-pc-linux-gnu/bin/../lib/gcc/nios2-elf/3.4.6/libgcc.a(_df_to_si.o)
 .comment       0x0000086c       0x2c /opt/Altera/9.1/nios2eds/bin/nios2-gnutools/H-i686-pc-linux-gnu/bin/../lib/gcc/nios2-elf/3.4.6/libgcc.a(_make_df.o)
 .comment       0x00000898       0x2c /opt/Altera/9.1/nios2eds/bin/nios2-gnutools/H-i686-pc-linux-gnu/bin/../lib/gcc/nios2-elf/3.4.6/libgcc.a(_df_to_sf.o)
 .comment       0x000008c4       0x2c /opt/Altera/9.1/nios2eds/bin/nios2-gnutools/H-i686-pc-linux-gnu/bin/../lib/gcc/nios2-elf/3.4.6/libgcc.a(_thenan_df.o)
 .comment       0x000008f0       0x2c /opt/Altera/9.1/nios2eds/bin/nios2-gnutools/H-i686-pc-linux-gnu/bin/../lib/gcc/nios2-elf/3.4.6/libgcc.a(lib2-divmod.o)
 .comment       0x0000091c       0x2c /opt/Altera/9.1/nios2eds/bin/nios2-gnutools/H-i686-pc-linux-gnu/bin/../lib/gcc/nios2-elf/3.4.6/libgcc.a(_muldi3.o)
 .comment       0x00000948       0x2c /opt/Altera/9.1/nios2eds/bin/nios2-gnutools/H-i686-pc-linux-gnu/bin/../lib/gcc/nios2-elf/3.4.6/libgcc.a(_negdi2.o)
 .comment       0x00000974       0x2c /opt/Altera/9.1/nios2eds/bin/nios2-gnutools/H-i686-pc-linux-gnu/bin/../lib/gcc/nios2-elf/3.4.6/libgcc.a(_lshrdi3.o)
 .comment       0x000009a0       0x2c /opt/Altera/9.1/nios2eds/bin/nios2-gnutools/H-i686-pc-linux-gnu/bin/../lib/gcc/nios2-elf/3.4.6/libgcc.a(_pack_sf.o)
 .comment       0x000009cc       0x2c /opt/Altera/9.1/nios2eds/bin/nios2-gnutools/H-i686-pc-linux-gnu/bin/../lib/gcc/nios2-elf/3.4.6/libgcc.a(_unpack_sf.o)
 .comment       0x000009f8       0x2c /opt/Altera/9.1/nios2eds/bin/nios2-gnutools/H-i686-pc-linux-gnu/bin/../lib/gcc/nios2-elf/3.4.6/libgcc.a(_fpcmp_parts_sf.o)
 .comment       0x00000a24       0x2c /opt/Altera/9.1/nios2eds/bin/nios2-gnutools/H-i686-pc-linux-gnu/bin/../lib/gcc/nios2-elf/3.4.6/libgcc.a(_make_sf.o)
 .comment       0x00000a50       0x2c /opt/Altera/9.1/nios2eds/bin/nios2-gnutools/H-i686-pc-linux-gnu/bin/../lib/gcc/nios2-elf/3.4.6/libgcc.a(_pack_df.o)
 .comment       0x00000a7c       0x2c /opt/Altera/9.1/nios2eds/bin/nios2-gnutools/H-i686-pc-linux-gnu/bin/../lib/gcc/nios2-elf/3.4.6/libgcc.a(_unpack_df.o)
 .comment       0x00000aa8       0x2c /opt/Altera/9.1/nios2eds/bin/nios2-gnutools/H-i686-pc-linux-gnu/bin/../lib/gcc/nios2-elf/3.4.6/libgcc.a(_fpcmp_parts_df.o)
 .comment       0x00000ad4       0x2c /opt/Altera/9.1/nios2eds/bin/nios2-gnutools/H-i686-pc-linux-gnu/bin/../lib/gcc/nios2-elf/3.4.6/libgcc.a(_ashldi3.o)
 .comment       0x00000b00       0x2c /opt/Altera/9.1/nios2eds/bin/nios2-gnutools/H-i686-pc-linux-gnu/bin/../lib/gcc/nios2-elf/3.4.6/../../../../nios2-elf/lib/libc.a(errno.o)
 .comment       0x00000b2c       0x2c /opt/Altera/9.1/nios2eds/bin/nios2-gnutools/H-i686-pc-linux-gnu/bin/../lib/gcc/nios2-elf/3.4.6/../../../../nios2-elf/lib/libc.a(fileno.o)
 .comment       0x00000b58       0x2c /opt/Altera/9.1/nios2eds/bin/nios2-gnutools/H-i686-pc-linux-gnu/bin/../lib/gcc/nios2-elf/3.4.6/../../../../nios2-elf/lib/libc.a(findfp.o)
 .comment       0x00000b84       0x2c /opt/Altera/9.1/nios2eds/bin/nios2-gnutools/H-i686-pc-linux-gnu/bin/../lib/gcc/nios2-elf/3.4.6/../../../../nios2-elf/lib/libc.a(fopen.o)
 .comment       0x00000bb0       0x2c /opt/Altera/9.1/nios2eds/bin/nios2-gnutools/H-i686-pc-linux-gnu/bin/../lib/gcc/nios2-elf/3.4.6/../../../../nios2-elf/lib/libc.a(fseek.o)
 .comment       0x00000bdc       0x2c /opt/Altera/9.1/nios2eds/bin/nios2-gnutools/H-i686-pc-linux-gnu/bin/../lib/gcc/nios2-elf/3.4.6/../../../../nios2-elf/lib/libc.a(fstatr.o)
 .comment       0x00000c08       0x2c /opt/Altera/9.1/nios2eds/bin/nios2-gnutools/H-i686-pc-linux-gnu/bin/../lib/gcc/nios2-elf/3.4.6/../../../../nios2-elf/lib/libc.a(fwalk.o)
 .comment       0x00000c34       0x2c /opt/Altera/9.1/nios2eds/bin/nios2-gnutools/H-i686-pc-linux-gnu/bin/../lib/gcc/nios2-elf/3.4.6/../../../../nios2-elf/lib/libc.a(impure.o)
 .comment       0x00000c60       0x2c /opt/Altera/9.1/nios2eds/bin/nios2-gnutools/H-i686-pc-linux-gnu/bin/../lib/gcc/nios2-elf/3.4.6/../../../../nios2-elf/lib/libc.a(int_errno.o)
 .comment       0x00000c8c       0x2c /opt/Altera/9.1/nios2eds/bin/nios2-gnutools/H-i686-pc-linux-gnu/bin/../lib/gcc/nios2-elf/3.4.6/../../../../nios2-elf/lib/libc.a(makebuf.o)
 .comment       0x00000cb8       0x2c /opt/Altera/9.1/nios2eds/bin/nios2-gnutools/H-i686-pc-linux-gnu/bin/../lib/gcc/nios2-elf/3.4.6/../../../../nios2-elf/lib/libc.a(mallocr.o)
 .comment       0x00000ce4       0x2c /opt/Altera/9.1/nios2eds/bin/nios2-gnutools/H-i686-pc-linux-gnu/bin/../lib/gcc/nios2-elf/3.4.6/../../../../nios2-elf/lib/libc.a(memcpy.o)
 .comment       0x00000d10       0x2c /opt/Altera/9.1/nios2eds/bin/nios2-gnutools/H-i686-pc-linux-gnu/bin/../lib/gcc/nios2-elf/3.4.6/../../../../nios2-elf/lib/libc.a(memset.o)
 .comment       0x00000d3c       0x2c /opt/Altera/9.1/nios2eds/bin/nios2-gnutools/H-i686-pc-linux-gnu/bin/../lib/gcc/nios2-elf/3.4.6/../../../../nios2-elf/lib/libc.a(openr.o)
 .comment       0x00000d68       0x2c /opt/Altera/9.1/nios2eds/bin/nios2-gnutools/H-i686-pc-linux-gnu/bin/../lib/gcc/nios2-elf/3.4.6/../../../../nios2-elf/lib/libc.a(printf.o)
 .comment       0x00000d94       0x2c /opt/Altera/9.1/nios2eds/bin/nios2-gnutools/H-i686-pc-linux-gnu/bin/../lib/gcc/nios2-elf/3.4.6/../../../../nios2-elf/lib/libc.a(refill.o)
 .comment       0x00000dc0       0x2c /opt/Altera/9.1/nios2eds/bin/nios2-gnutools/H-i686-pc-linux-gnu/bin/../lib/gcc/nios2-elf/3.4.6/../../../../nios2-elf/lib/libc.a(sbrkr.o)
 .comment       0x00000dec       0x2c /opt/Altera/9.1/nios2eds/bin/nios2-gnutools/H-i686-pc-linux-gnu/bin/../lib/gcc/nios2-elf/3.4.6/../../../../nios2-elf/lib/libc.a(stdio.o)
 .comment       0x00000e18       0x2c /opt/Altera/9.1/nios2eds/bin/nios2-gnutools/H-i686-pc-linux-gnu/bin/../lib/gcc/nios2-elf/3.4.6/../../../../nios2-elf/lib/libc.a(vfprintf1.o)
 .comment       0x00000e44       0x2c /opt/Altera/9.1/nios2eds/bin/nios2-gnutools/H-i686-pc-linux-gnu/bin/../lib/gcc/nios2-elf/3.4.6/../../../../nios2-elf/lib/libc.a(wcrtomb.o)
 .comment       0x00000e70       0x2c /opt/Altera/9.1/nios2eds/bin/nios2-gnutools/H-i686-pc-linux-gnu/bin/../lib/gcc/nios2-elf/3.4.6/../../../../nios2-elf/lib/libc.a(wcsrtombs.o)
 .comment       0x00000e9c       0x2c /opt/Altera/9.1/nios2eds/bin/nios2-gnutools/H-i686-pc-linux-gnu/bin/../lib/gcc/nios2-elf/3.4.6/../../../../nios2-elf/lib/libc.a(wctomb_r.o)
 .comment       0x00000ec8       0x2c /opt/Altera/9.1/nios2eds/bin/nios2-gnutools/H-i686-pc-linux-gnu/bin/../lib/gcc/nios2-elf/3.4.6/../../../../nios2-elf/lib/libc.a(writer.o)
 .comment       0x00000ef4       0x2c /opt/Altera/9.1/nios2eds/bin/nios2-gnutools/H-i686-pc-linux-gnu/bin/../lib/gcc/nios2-elf/3.4.6/../../../../nios2-elf/lib/libc.a(wsetup.o)
 .comment       0x00000f20       0x2c /opt/Altera/9.1/nios2eds/bin/nios2-gnutools/H-i686-pc-linux-gnu/bin/../lib/gcc/nios2-elf/3.4.6/../../../../nios2-elf/lib/libc.a(closer.o)
 .comment       0x00000f4c       0x2c /opt/Altera/9.1/nios2eds/bin/nios2-gnutools/H-i686-pc-linux-gnu/bin/../lib/gcc/nios2-elf/3.4.6/../../../../nios2-elf/lib/libc.a(dtoa.o)
 .comment       0x00000f78       0x2c /opt/Altera/9.1/nios2eds/bin/nios2-gnutools/H-i686-pc-linux-gnu/bin/../lib/gcc/nios2-elf/3.4.6/../../../../nios2-elf/lib/libc.a(fflush.o)
 .comment       0x00000fa4       0x2c /opt/Altera/9.1/nios2eds/bin/nios2-gnutools/H-i686-pc-linux-gnu/bin/../lib/gcc/nios2-elf/3.4.6/../../../../nios2-elf/lib/libc.a(findfp1.o)
 .comment       0x00000fd0       0x2c /opt/Altera/9.1/nios2eds/bin/nios2-gnutools/H-i686-pc-linux-gnu/bin/../lib/gcc/nios2-elf/3.4.6/../../../../nios2-elf/lib/libc.a(flags.o)
 .comment       0x00000ffc       0x2c /opt/Altera/9.1/nios2eds/bin/nios2-gnutools/H-i686-pc-linux-gnu/bin/../lib/gcc/nios2-elf/3.4.6/../../../../nios2-elf/lib/libc.a(freer.o)
 .comment       0x00001028       0x2c /opt/Altera/9.1/nios2eds/bin/nios2-gnutools/H-i686-pc-linux-gnu/bin/../lib/gcc/nios2-elf/3.4.6/../../../../nios2-elf/lib/libc.a(fvwrite.o)
 .comment       0x00001054       0x2c /opt/Altera/9.1/nios2eds/bin/nios2-gnutools/H-i686-pc-linux-gnu/bin/../lib/gcc/nios2-elf/3.4.6/../../../../nios2-elf/lib/libc.a(locale.o)
 .comment       0x00001080       0x2c /opt/Altera/9.1/nios2eds/bin/nios2-gnutools/H-i686-pc-linux-gnu/bin/../lib/gcc/nios2-elf/3.4.6/../../../../nios2-elf/lib/libc.a(lseekr.o)
 .comment       0x000010ac       0x2c /opt/Altera/9.1/nios2eds/bin/nios2-gnutools/H-i686-pc-linux-gnu/bin/../lib/gcc/nios2-elf/3.4.6/../../../../nios2-elf/lib/libc.a(malloc.o)
 .comment       0x000010d8       0x2c /opt/Altera/9.1/nios2eds/bin/nios2-gnutools/H-i686-pc-linux-gnu/bin/../lib/gcc/nios2-elf/3.4.6/../../../../nios2-elf/lib/libc.a(memchr.o)
 .comment       0x00001104       0x2c /opt/Altera/9.1/nios2eds/bin/nios2-gnutools/H-i686-pc-linux-gnu/bin/../lib/gcc/nios2-elf/3.4.6/../../../../nios2-elf/lib/libc.a(memmove.o)
 .comment       0x00001130       0x2c /opt/Altera/9.1/nios2eds/bin/nios2-gnutools/H-i686-pc-linux-gnu/bin/../lib/gcc/nios2-elf/3.4.6/../../../../nios2-elf/lib/libc.a(mprec.o)
 .comment       0x0000115c       0x2c /opt/Altera/9.1/nios2eds/bin/nios2-gnutools/H-i686-pc-linux-gnu/bin/../lib/gcc/nios2-elf/3.4.6/../../../../nios2-elf/lib/libc.a(readr.o)
 .comment       0x00001188       0x2c /opt/Altera/9.1/nios2eds/bin/nios2-gnutools/H-i686-pc-linux-gnu/bin/../lib/gcc/nios2-elf/3.4.6/../../../../nios2-elf/lib/libc.a(reallocr.o)
 .comment       0x000011b4       0x2c /opt/Altera/9.1/nios2eds/bin/nios2-gnutools/H-i686-pc-linux-gnu/bin/../lib/gcc/nios2-elf/3.4.6/../../../../nios2-elf/lib/libc.a(s_isinf.o)
 .comment       0x000011e0       0x2c /opt/Altera/9.1/nios2eds/bin/nios2-gnutools/H-i686-pc-linux-gnu/bin/../lib/gcc/nios2-elf/3.4.6/../../../../nios2-elf/lib/libc.a(strcmp.o)
 .comment       0x0000120c       0x2c /opt/Altera/9.1/nios2eds/bin/nios2-gnutools/H-i686-pc-linux-gnu/bin/../lib/gcc/nios2-elf/3.4.6/../../../../nios2-elf/lib/libc.a(strlen.o)
 .comment       0x00001238       0x2c /opt/Altera/9.1/nios2eds/bin/nios2-gnutools/H-i686-pc-linux-gnu/bin/../lib/gcc/nios2-elf/3.4.6/../../../../nios2-elf/lib/libc.a(callocr.o)
 .comment       0x00001264       0x2c /opt/Altera/9.1/nios2eds/bin/nios2-gnutools/H-i686-pc-linux-gnu/bin/../lib/gcc/nios2-elf/3.4.6/libgcc.a(_udivdi3.o)
 .comment       0x00001290       0x2c /opt/Altera/9.1/nios2eds/bin/nios2-gnutools/H-i686-pc-linux-gnu/bin/../lib/gcc/nios2-elf/3.4.6/libgcc.a(_umoddi3.o)
 .comment       0x000012bc       0x2c /opt/Altera/9.1/nios2eds/bin/nios2-gnutools/H-i686-pc-linux-gnu/bin/../lib/gcc/nios2-elf/3.4.6/libgcc.a(_clz.o)
 .comment       0x000012e8       0x2c /home/ucart/Desktop/microcart-f2013/BasicPrograms/LABET_SYSTEM/sw/LABET_SW_PROJECT_bsp//libhal_bsp.a(alt_close.o)
 .comment       0x00001314       0x2c /home/ucart/Desktop/microcart-f2013/BasicPrograms/LABET_SYSTEM/sw/LABET_SW_PROJECT_bsp//libhal_bsp.a(alt_dev.o)
 .comment       0x00001340       0x2c /home/ucart/Desktop/microcart-f2013/BasicPrograms/LABET_SYSTEM/sw/LABET_SW_PROJECT_bsp//libhal_bsp.a(alt_errno.o)
 .comment       0x0000136c       0x2c /home/ucart/Desktop/microcart-f2013/BasicPrograms/LABET_SYSTEM/sw/LABET_SW_PROJECT_bsp//libhal_bsp.a(alt_fcntl.o)
 .comment       0x00001398       0x2c /home/ucart/Desktop/microcart-f2013/BasicPrograms/LABET_SYSTEM/sw/LABET_SW_PROJECT_bsp//libhal_bsp.a(alt_fstat.o)
 .comment       0x000013c4       0x2c /home/ucart/Desktop/microcart-f2013/BasicPrograms/LABET_SYSTEM/sw/LABET_SW_PROJECT_bsp//libhal_bsp.a(alt_isatty.o)
 .comment       0x000013f0       0x2c /home/ucart/Desktop/microcart-f2013/BasicPrograms/LABET_SYSTEM/sw/LABET_SW_PROJECT_bsp//libhal_bsp.a(alt_load.o)
 .comment       0x0000141c       0x2c /home/ucart/Desktop/microcart-f2013/BasicPrograms/LABET_SYSTEM/sw/LABET_SW_PROJECT_bsp//libhal_bsp.a(alt_lseek.o)
 .comment       0x00001448       0x2c /home/ucart/Desktop/microcart-f2013/BasicPrograms/LABET_SYSTEM/sw/LABET_SW_PROJECT_bsp//libhal_bsp.a(alt_main.o)
 .comment       0x00001474       0x2c /home/ucart/Desktop/microcart-f2013/BasicPrograms/LABET_SYSTEM/sw/LABET_SW_PROJECT_bsp//libhal_bsp.a(alt_malloc_lock.o)
 .comment       0x000014a0       0x2c /home/ucart/Desktop/microcart-f2013/BasicPrograms/LABET_SYSTEM/sw/LABET_SW_PROJECT_bsp//libhal_bsp.a(alt_open.o)
 .comment       0x000014cc       0x2c /home/ucart/Desktop/microcart-f2013/BasicPrograms/LABET_SYSTEM/sw/LABET_SW_PROJECT_bsp//libhal_bsp.a(alt_read.o)
 .comment       0x000014f8       0x2c /home/ucart/Desktop/microcart-f2013/BasicPrograms/LABET_SYSTEM/sw/LABET_SW_PROJECT_bsp//libhal_bsp.a(alt_release_fd.o)
 .comment       0x00001524       0x2c /home/ucart/Desktop/microcart-f2013/BasicPrograms/LABET_SYSTEM/sw/LABET_SW_PROJECT_bsp//libhal_bsp.a(alt_sbrk.o)
 .comment       0x00001550       0x2c /home/ucart/Desktop/microcart-f2013/BasicPrograms/LABET_SYSTEM/sw/LABET_SW_PROJECT_bsp//libhal_bsp.a(alt_write.o)
 .comment       0x0000157c       0x2c /home/ucart/Desktop/microcart-f2013/BasicPrograms/LABET_SYSTEM/sw/LABET_SW_PROJECT_bsp//libhal_bsp.a(alt_sys_init.o)
 .comment       0x000015a8       0x2c /home/ucart/Desktop/microcart-f2013/BasicPrograms/LABET_SYSTEM/sw/LABET_SW_PROJECT_bsp//libhal_bsp.a(altera_avalon_jtag_uart_fd.o)
 .comment       0x000015d4       0x2c /home/ucart/Desktop/microcart-f2013/BasicPrograms/LABET_SYSTEM/sw/LABET_SW_PROJECT_bsp//libhal_bsp.a(altera_avalon_jtag_uart_init.o)
 .comment       0x00001600       0x2c /home/ucart/Desktop/microcart-f2013/BasicPrograms/LABET_SYSTEM/sw/LABET_SW_PROJECT_bsp//libhal_bsp.a(altera_avalon_jtag_uart_ioctl.o)
 .comment       0x0000162c       0x2c /home/ucart/Desktop/microcart-f2013/BasicPrograms/LABET_SYSTEM/sw/LABET_SW_PROJECT_bsp//libhal_bsp.a(altera_avalon_jtag_uart_read.o)
 .comment       0x00001658       0x2c /home/ucart/Desktop/microcart-f2013/BasicPrograms/LABET_SYSTEM/sw/LABET_SW_PROJECT_bsp//libhal_bsp.a(altera_avalon_jtag_uart_write.o)
 .comment       0x00001684       0x2c /home/ucart/Desktop/microcart-f2013/BasicPrograms/LABET_SYSTEM/sw/LABET_SW_PROJECT_bsp//libhal_bsp.a(altera_avalon_timer_sc.o)
 .comment       0x000016b0       0x2c /home/ucart/Desktop/microcart-f2013/BasicPrograms/LABET_SYSTEM/sw/LABET_SW_PROJECT_bsp//libhal_bsp.a(altera_avalon_timer_ts.o)
 .comment       0x000016dc       0x2c /home/ucart/Desktop/microcart-f2013/BasicPrograms/LABET_SYSTEM/sw/LABET_SW_PROJECT_bsp//libhal_bsp.a(altera_avalon_timer_vars.o)
 .comment       0x00001708       0x2c /home/ucart/Desktop/microcart-f2013/BasicPrograms/LABET_SYSTEM/sw/LABET_SW_PROJECT_bsp//libhal_bsp.a(altera_avalon_uart_fd.o)
 .comment       0x00001734       0x2c /home/ucart/Desktop/microcart-f2013/BasicPrograms/LABET_SYSTEM/sw/LABET_SW_PROJECT_bsp//libhal_bsp.a(altera_avalon_uart_init.o)
 .comment       0x00001760       0x2c /home/ucart/Desktop/microcart-f2013/BasicPrograms/LABET_SYSTEM/sw/LABET_SW_PROJECT_bsp//libhal_bsp.a(altera_avalon_uart_read.o)
 .comment       0x0000178c       0x2c /home/ucart/Desktop/microcart-f2013/BasicPrograms/LABET_SYSTEM/sw/LABET_SW_PROJECT_bsp//libhal_bsp.a(altera_avalon_uart_write.o)
 .comment       0x000017b8       0x2c /home/ucart/Desktop/microcart-f2013/BasicPrograms/LABET_SYSTEM/sw/LABET_SW_PROJECT_bsp//libhal_bsp.a(alt_alarm_start.o)
 .comment       0x000017e4       0x2c /home/ucart/Desktop/microcart-f2013/BasicPrograms/LABET_SYSTEM/sw/LABET_SW_PROJECT_bsp//libhal_bsp.a(alt_dcache_flush_all.o)
 .comment       0x00001810       0x2c /home/ucart/Desktop/microcart-f2013/BasicPrograms/LABET_SYSTEM/sw/LABET_SW_PROJECT_bsp//libhal_bsp.a(alt_dev_llist_insert.o)
 .comment       0x0000183c       0x2c /home/ucart/Desktop/microcart-f2013/BasicPrograms/LABET_SYSTEM/sw/LABET_SW_PROJECT_bsp//libhal_bsp.a(alt_do_ctors.o)
 .comment       0x00001868       0x2c /home/ucart/Desktop/microcart-f2013/BasicPrograms/LABET_SYSTEM/sw/LABET_SW_PROJECT_bsp//libhal_bsp.a(alt_do_dtors.o)
 .comment       0x00001894       0x2c /home/ucart/Desktop/microcart-f2013/BasicPrograms/LABET_SYSTEM/sw/LABET_SW_PROJECT_bsp//libhal_bsp.a(alt_find_dev.o)
 .comment       0x000018c0       0x2c /home/ucart/Desktop/microcart-f2013/BasicPrograms/LABET_SYSTEM/sw/LABET_SW_PROJECT_bsp//libhal_bsp.a(alt_find_file.o)
 .comment       0x000018ec       0x2c /home/ucart/Desktop/microcart-f2013/BasicPrograms/LABET_SYSTEM/sw/LABET_SW_PROJECT_bsp//libhal_bsp.a(alt_get_fd.o)
 .comment       0x00001918       0x2c /home/ucart/Desktop/microcart-f2013/BasicPrograms/LABET_SYSTEM/sw/LABET_SW_PROJECT_bsp//libhal_bsp.a(alt_icache_flush_all.o)
 .comment       0x00001944       0x2c /home/ucart/Desktop/microcart-f2013/BasicPrograms/LABET_SYSTEM/sw/LABET_SW_PROJECT_bsp//libhal_bsp.a(alt_iic.o)
 .comment       0x00001970       0x2c /home/ucart/Desktop/microcart-f2013/BasicPrograms/LABET_SYSTEM/sw/LABET_SW_PROJECT_bsp//libhal_bsp.a(alt_io_redirect.o)
 .comment       0x0000199c       0x2c /home/ucart/Desktop/microcart-f2013/BasicPrograms/LABET_SYSTEM/sw/LABET_SW_PROJECT_bsp//libhal_bsp.a(alt_irq_register.o)
 .comment       0x000019c8       0x2c /home/ucart/Desktop/microcart-f2013/BasicPrograms/LABET_SYSTEM/sw/LABET_SW_PROJECT_bsp//libhal_bsp.a(alt_irq_vars.o)
 .comment       0x000019f4       0x2c /home/ucart/Desktop/microcart-f2013/BasicPrograms/LABET_SYSTEM/sw/LABET_SW_PROJECT_bsp//libhal_bsp.a(alt_tick.o)
 .comment       0x00001a20       0x2c /home/ucart/Desktop/microcart-f2013/BasicPrograms/LABET_SYSTEM/sw/LABET_SW_PROJECT_bsp//libhal_bsp.a(altera_nios2_irq.o)
 .comment       0x00001a4c       0x2c /home/ucart/Desktop/microcart-f2013/BasicPrograms/LABET_SYSTEM/sw/LABET_SW_PROJECT_bsp//libhal_bsp.a(alt_icache_flush.o)
 .comment       0x00001a78       0x2c /home/ucart/Desktop/microcart-f2013/BasicPrograms/LABET_SYSTEM/sw/LABET_SW_PROJECT_bsp//libhal_bsp.a(alt_irq_handler.o)
 .comment       0x00001aa4       0x2c /opt/Altera/9.1/nios2eds/bin/nios2-gnutools/H-i686-pc-linux-gnu/bin/../lib/gcc/nios2-elf/3.4.6/../../../../nios2-elf/lib/libc.a(atexit.o)
 .comment       0x00001ad0       0x2c /opt/Altera/9.1/nios2eds/bin/nios2-gnutools/H-i686-pc-linux-gnu/bin/../lib/gcc/nios2-elf/3.4.6/../../../../nios2-elf/lib/libc.a(exit.o)
 .comment       0x00001afc       0x2c /opt/Altera/9.1/nios2eds/bin/nios2-gnutools/H-i686-pc-linux-gnu/bin/../lib/gcc/nios2-elf/3.4.6/../../../../nios2-elf/lib/libc.a(memcmp.o)
 .comment       0x00001b28       0x2c /home/ucart/Desktop/microcart-f2013/BasicPrograms/LABET_SYSTEM/sw/LABET_SW_PROJECT_bsp//libhal_bsp.a(alt_exit.o)

.debug
 *(.debug)

.line
 *(.line)

.debug_srcinfo
 *(.debug_srcinfo)

.debug_sfnames
 *(.debug_sfnames)

.debug_aranges  0x00000000     0x1338
 *(.debug_aranges)
 .debug_aranges
                0x00000000       0x28 /home/ucart/Desktop/microcart-f2013/BasicPrograms/LABET_SYSTEM/sw/LABET_SW_PROJECT_bsp//obj/HAL/src/crt0.o
 .debug_aranges
                0x00000028       0x20 obj/ars.o
 .debug_aranges
                0x00000048       0x20 obj/controls.o
 .debug_aranges
                0x00000068       0x20 obj/hello_world.o
 .debug_aranges
                0x00000088       0x20 obj/imu.o
 .debug_aranges
                0x000000a8       0x20 obj/kalmanfilter.o
 .debug_aranges
                0x000000c8       0x20 obj/matrixmath.o
 .debug_aranges
                0x000000e8       0x20 obj/ping.o
 .debug_aranges
                0x00000108       0x20 /opt/Altera/9.1/nios2eds/bin/nios2-gnutools/H-i686-pc-linux-gnu/bin/../lib/gcc/nios2-elf/3.4.6/../../../../nios2-elf/lib/libm.a(s_atan.o)
 .debug_aranges
                0x00000128       0x20 /opt/Altera/9.1/nios2eds/bin/nios2-gnutools/H-i686-pc-linux-gnu/bin/../lib/gcc/nios2-elf/3.4.6/../../../../nios2-elf/lib/libm.a(s_cos.o)
 .debug_aranges
                0x00000148       0x20 /opt/Altera/9.1/nios2eds/bin/nios2-gnutools/H-i686-pc-linux-gnu/bin/../lib/gcc/nios2-elf/3.4.6/../../../../nios2-elf/lib/libm.a(s_fabs.o)
 .debug_aranges
                0x00000168       0x20 /opt/Altera/9.1/nios2eds/bin/nios2-gnutools/H-i686-pc-linux-gnu/bin/../lib/gcc/nios2-elf/3.4.6/../../../../nios2-elf/lib/libm.a(s_sin.o)
 .debug_aranges
                0x00000188       0x20 /opt/Altera/9.1/nios2eds/bin/nios2-gnutools/H-i686-pc-linux-gnu/bin/../lib/gcc/nios2-elf/3.4.6/../../../../nios2-elf/lib/libm.a(s_tan.o)
 .debug_aranges
                0x000001a8       0x20 /opt/Altera/9.1/nios2eds/bin/nios2-gnutools/H-i686-pc-linux-gnu/bin/../lib/gcc/nios2-elf/3.4.6/../../../../nios2-elf/lib/libm.a(w_asin.o)
 .debug_aranges
                0x000001c8       0x20 /opt/Altera/9.1/nios2eds/bin/nios2-gnutools/H-i686-pc-linux-gnu/bin/../lib/gcc/nios2-elf/3.4.6/../../../../nios2-elf/lib/libm.a(w_atan2.o)
 .debug_aranges
                0x000001e8       0x20 /opt/Altera/9.1/nios2eds/bin/nios2-gnutools/H-i686-pc-linux-gnu/bin/../lib/gcc/nios2-elf/3.4.6/../../../../nios2-elf/lib/libm.a(w_sqrt.o)
 .debug_aranges
                0x00000208       0x20 /opt/Altera/9.1/nios2eds/bin/nios2-gnutools/H-i686-pc-linux-gnu/bin/../lib/gcc/nios2-elf/3.4.6/../../../../nios2-elf/lib/libm.a(e_asin.o)
 .debug_aranges
                0x00000228       0x20 /opt/Altera/9.1/nios2eds/bin/nios2-gnutools/H-i686-pc-linux-gnu/bin/../lib/gcc/nios2-elf/3.4.6/../../../../nios2-elf/lib/libm.a(e_atan2.o)
 .debug_aranges
                0x00000248       0x20 /opt/Altera/9.1/nios2eds/bin/nios2-gnutools/H-i686-pc-linux-gnu/bin/../lib/gcc/nios2-elf/3.4.6/../../../../nios2-elf/lib/libm.a(e_rem_pio2.o)
 .debug_aranges
                0x00000268       0x20 /opt/Altera/9.1/nios2eds/bin/nios2-gnutools/H-i686-pc-linux-gnu/bin/../lib/gcc/nios2-elf/3.4.6/../../../../nios2-elf/lib/libm.a(e_sqrt.o)
 .debug_aranges
                0x00000288       0x20 /opt/Altera/9.1/nios2eds/bin/nios2-gnutools/H-i686-pc-linux-gnu/bin/../lib/gcc/nios2-elf/3.4.6/../../../../nios2-elf/lib/libm.a(k_cos.o)
 .debug_aranges
                0x000002a8       0x20 /opt/Altera/9.1/nios2eds/bin/nios2-gnutools/H-i686-pc-linux-gnu/bin/../lib/gcc/nios2-elf/3.4.6/../../../../nios2-elf/lib/libm.a(k_rem_pio2.o)
 .debug_aranges
                0x000002c8       0x20 /opt/Altera/9.1/nios2eds/bin/nios2-gnutools/H-i686-pc-linux-gnu/bin/../lib/gcc/nios2-elf/3.4.6/../../../../nios2-elf/lib/libm.a(k_sin.o)
 .debug_aranges
                0x000002e8       0x20 /opt/Altera/9.1/nios2eds/bin/nios2-gnutools/H-i686-pc-linux-gnu/bin/../lib/gcc/nios2-elf/3.4.6/../../../../nios2-elf/lib/libm.a(k_tan.o)
 .debug_aranges
                0x00000308       0x20 /opt/Altera/9.1/nios2eds/bin/nios2-gnutools/H-i686-pc-linux-gnu/bin/../lib/gcc/nios2-elf/3.4.6/../../../../nios2-elf/lib/libm.a(s_floor.o)
 .debug_aranges
                0x00000328       0x20 /opt/Altera/9.1/nios2eds/bin/nios2-gnutools/H-i686-pc-linux-gnu/bin/../lib/gcc/nios2-elf/3.4.6/../../../../nios2-elf/lib/libm.a(s_isnan.o)
 .debug_aranges
                0x00000348       0x20 /opt/Altera/9.1/nios2eds/bin/nios2-gnutools/H-i686-pc-linux-gnu/bin/../lib/gcc/nios2-elf/3.4.6/../../../../nios2-elf/lib/libm.a(s_matherr.o)
 .debug_aranges
                0x00000368       0x20 /opt/Altera/9.1/nios2eds/bin/nios2-gnutools/H-i686-pc-linux-gnu/bin/../lib/gcc/nios2-elf/3.4.6/../../../../nios2-elf/lib/libm.a(s_scalbn.o)
 .debug_aranges
                0x00000388       0x20 /opt/Altera/9.1/nios2eds/bin/nios2-gnutools/H-i686-pc-linux-gnu/bin/../lib/gcc/nios2-elf/3.4.6/../../../../nios2-elf/lib/libm.a(s_copysign.o)
 .debug_aranges
                0x000003a8       0x20 /opt/Altera/9.1/nios2eds/bin/nios2-gnutools/H-i686-pc-linux-gnu/bin/../lib/gcc/nios2-elf/3.4.6/libgcc.a(_addsub_sf.o)
 .debug_aranges
                0x000003c8       0x20 /opt/Altera/9.1/nios2eds/bin/nios2-gnutools/H-i686-pc-linux-gnu/bin/../lib/gcc/nios2-elf/3.4.6/libgcc.a(_mul_sf.o)
 .debug_aranges
                0x000003e8       0x20 /opt/Altera/9.1/nios2eds/bin/nios2-gnutools/H-i686-pc-linux-gnu/bin/../lib/gcc/nios2-elf/3.4.6/libgcc.a(_div_sf.o)
 .debug_aranges
                0x00000408       0x20 /opt/Altera/9.1/nios2eds/bin/nios2-gnutools/H-i686-pc-linux-gnu/bin/../lib/gcc/nios2-elf/3.4.6/libgcc.a(_eq_sf.o)
 .debug_aranges
                0x00000428       0x20 /opt/Altera/9.1/nios2eds/bin/nios2-gnutools/H-i686-pc-linux-gnu/bin/../lib/gcc/nios2-elf/3.4.6/libgcc.a(_ne_sf.o)
 .debug_aranges
                0x00000448       0x20 /opt/Altera/9.1/nios2eds/bin/nios2-gnutools/H-i686-pc-linux-gnu/bin/../lib/gcc/nios2-elf/3.4.6/libgcc.a(_si_to_sf.o)
 .debug_aranges
                0x00000468       0x20 /opt/Altera/9.1/nios2eds/bin/nios2-gnutools/H-i686-pc-linux-gnu/bin/../lib/gcc/nios2-elf/3.4.6/libgcc.a(_sf_to_si.o)
 .debug_aranges
                0x00000488       0x20 /opt/Altera/9.1/nios2eds/bin/nios2-gnutools/H-i686-pc-linux-gnu/bin/../lib/gcc/nios2-elf/3.4.6/libgcc.a(_sf_to_df.o)
 .debug_aranges
                0x000004a8       0x20 /opt/Altera/9.1/nios2eds/bin/nios2-gnutools/H-i686-pc-linux-gnu/bin/../lib/gcc/nios2-elf/3.4.6/libgcc.a(_addsub_df.o)
 .debug_aranges
                0x000004c8       0x20 /opt/Altera/9.1/nios2eds/bin/nios2-gnutools/H-i686-pc-linux-gnu/bin/../lib/gcc/nios2-elf/3.4.6/libgcc.a(_mul_df.o)
 .debug_aranges
                0x000004e8       0x20 /opt/Altera/9.1/nios2eds/bin/nios2-gnutools/H-i686-pc-linux-gnu/bin/../lib/gcc/nios2-elf/3.4.6/libgcc.a(_div_df.o)
 .debug_aranges
                0x00000508       0x20 /opt/Altera/9.1/nios2eds/bin/nios2-gnutools/H-i686-pc-linux-gnu/bin/../lib/gcc/nios2-elf/3.4.6/libgcc.a(_eq_df.o)
 .debug_aranges
                0x00000528       0x20 /opt/Altera/9.1/nios2eds/bin/nios2-gnutools/H-i686-pc-linux-gnu/bin/../lib/gcc/nios2-elf/3.4.6/libgcc.a(_ne_df.o)
 .debug_aranges
                0x00000548       0x20 /opt/Altera/9.1/nios2eds/bin/nios2-gnutools/H-i686-pc-linux-gnu/bin/../lib/gcc/nios2-elf/3.4.6/libgcc.a(_gt_df.o)
 .debug_aranges
                0x00000568       0x20 /opt/Altera/9.1/nios2eds/bin/nios2-gnutools/H-i686-pc-linux-gnu/bin/../lib/gcc/nios2-elf/3.4.6/libgcc.a(_ge_df.o)
 .debug_aranges
                0x00000588       0x20 /opt/Altera/9.1/nios2eds/bin/nios2-gnutools/H-i686-pc-linux-gnu/bin/../lib/gcc/nios2-elf/3.4.6/libgcc.a(_lt_df.o)
 .debug_aranges
                0x000005a8       0x20 /opt/Altera/9.1/nios2eds/bin/nios2-gnutools/H-i686-pc-linux-gnu/bin/../lib/gcc/nios2-elf/3.4.6/libgcc.a(_si_to_df.o)
 .debug_aranges
                0x000005c8       0x20 /opt/Altera/9.1/nios2eds/bin/nios2-gnutools/H-i686-pc-linux-gnu/bin/../lib/gcc/nios2-elf/3.4.6/libgcc.a(_df_to_si.o)
 .debug_aranges
                0x000005e8       0x20 /opt/Altera/9.1/nios2eds/bin/nios2-gnutools/H-i686-pc-linux-gnu/bin/../lib/gcc/nios2-elf/3.4.6/libgcc.a(_make_df.o)
 .debug_aranges
                0x00000608       0x20 /opt/Altera/9.1/nios2eds/bin/nios2-gnutools/H-i686-pc-linux-gnu/bin/../lib/gcc/nios2-elf/3.4.6/libgcc.a(_df_to_sf.o)
 .debug_aranges
                0x00000628       0x20 /opt/Altera/9.1/nios2eds/bin/nios2-gnutools/H-i686-pc-linux-gnu/bin/../lib/gcc/nios2-elf/3.4.6/libgcc.a(lib2-divmod.o)
 .debug_aranges
                0x00000648       0x20 /opt/Altera/9.1/nios2eds/bin/nios2-gnutools/H-i686-pc-linux-gnu/bin/../lib/gcc/nios2-elf/3.4.6/libgcc.a(_muldi3.o)
 .debug_aranges